Component: ARM Compiler 5.06 update 4 (build 422) Tool: armlink [4d35d2]

==============================================================================

Section Cross References

    startup_stm32f103xe.o(RESET) refers to startup_stm32f103xe.o(STACK) for __initial_sp
    startup_stm32f103xe.o(RESET) refers to startup_stm32f103xe.o(.text) for Reset_Handler
    startup_stm32f103xe.o(RESET) refers to stm32f1xx_it.o(i.NMI_Handler) for NMI_Handler
    startup_stm32f103xe.o(RESET) refers to stm32f1xx_it.o(i.HardFault_Handler) for HardFault_Handler
    startup_stm32f103xe.o(RESET) refers to stm32f1xx_it.o(i.MemManage_Handler) for MemManage_Handler
    startup_stm32f103xe.o(RESET) refers to stm32f1xx_it.o(i.BusFault_Handler) for BusFault_Handler
    startup_stm32f103xe.o(RESET) refers to stm32f1xx_it.o(i.UsageFault_Handler) for UsageFault_Handler
    startup_stm32f103xe.o(RESET) refers to stm32f1xx_it.o(i.SVC_Handler) for SVC_Handler
    startup_stm32f103xe.o(RESET) refers to stm32f1xx_it.o(i.DebugMon_Handler) for DebugMon_Handler
    startup_stm32f103xe.o(RESET) refers to stm32f1xx_it.o(i.PendSV_Handler) for PendSV_Handler
    startup_stm32f103xe.o(RESET) refers to stm32f1xx_it.o(i.SysTick_Handler) for SysTick_Handler
    startup_stm32f103xe.o(RESET) refers to stm32f1xx_it.o(i.EXTI9_5_IRQHandler) for EXTI9_5_IRQHandler
    startup_stm32f103xe.o(RESET) refers to stm32f1xx_it.o(i.TIM2_IRQHandler) for TIM2_IRQHandler
    startup_stm32f103xe.o(RESET) refers to stm32f1xx_it.o(i.TIM3_IRQHandler) for TIM3_IRQHandler
    startup_stm32f103xe.o(RESET) refers to stm32f1xx_it.o(i.TIM4_IRQHandler) for TIM4_IRQHandler
    startup_stm32f103xe.o(RESET) refers to stm32f1xx_it.o(i.USART1_IRQHandler) for USART1_IRQHandler
    startup_stm32f103xe.o(RESET) refers to stm32f1xx_it.o(i.EXTI15_10_IRQHandler) for EXTI15_10_IRQHandler
    startup_stm32f103xe.o(RESET) refers to stm32f1xx_it.o(i.TIM5_IRQHandler) for TIM5_IRQHandler
    startup_stm32f103xe.o(RESET) refers to stm32f1xx_it.o(i.UART4_IRQHandler) for UART4_IRQHandler
    startup_stm32f103xe.o(.text) refers to system_stm32f1xx.o(i.SystemInit) for SystemInit
    startup_stm32f103xe.o(.text) refers to entry.o(.ARM.Collect$$$$00000000) for __main
    main.o(i.SystemClock_Config) refers to memseta.o(.text) for __aeabi_memclr4
    main.o(i.SystemClock_Config) refers to stm32f1xx_hal_rcc.o(i.HAL_RCC_OscConfig) for HAL_RCC_OscConfig
    main.o(i.SystemClock_Config) refers to stm32f1xx_hal_rcc.o(i.HAL_RCC_ClockConfig) for HAL_RCC_ClockConfig
    main.o(i.SystemClock_Config) refers to stm32f1xx_hal_rcc_ex.o(i.HAL_RCCEx_PeriphCLKConfig) for HAL_RCCEx_PeriphCLKConfig
    main.o(i.main) refers to stm32f1xx_hal.o(i.HAL_Init) for HAL_Init
    main.o(i.main) refers to main.o(i.SystemClock_Config) for SystemClock_Config
    main.o(i.main) refers to app.o(i.BC_mcu_init) for BC_mcu_init
    main.o(i.main) refers to app.o(i.BC_task) for BC_task
    gpio.o(i.MX_GPIO_Init) refers to gpio.o(i.HAL_GPIO_REMAP_CONFIG) for HAL_GPIO_REMAP_CONFIG
    gpio.o(i.MX_GPIO_Init) refers to stm32f1xx_hal_gpio.o(i.HAL_GPIO_WritePin) for HAL_GPIO_WritePin
    gpio.o(i.MX_GPIO_Init) refers to stm32f1xx_hal_gpio.o(i.HAL_GPIO_Init) for HAL_GPIO_Init
    gpio.o(i.MX_GPIO_Init) refers to stm32f1xx_hal_cortex.o(i.HAL_NVIC_SetPriority) for HAL_NVIC_SetPriority
    gpio.o(i.MX_GPIO_Init) refers to stm32f1xx_hal_cortex.o(i.HAL_NVIC_EnableIRQ) for HAL_NVIC_EnableIRQ
    adc.o(i.Get_Adc) refers to stm32f1xx_hal_adc.o(i.HAL_ADC_ConfigChannel) for HAL_ADC_ConfigChannel
    adc.o(i.Get_Adc) refers to stm32f1xx_hal_adc.o(i.HAL_ADC_Start) for HAL_ADC_Start
    adc.o(i.Get_Adc) refers to stm32f1xx_hal_adc.o(i.HAL_ADC_PollForConversion) for HAL_ADC_PollForConversion
    adc.o(i.Get_Adc) refers to stm32f1xx_hal_adc.o(i.HAL_ADC_GetValue) for HAL_ADC_GetValue
    adc.o(i.Get_Adc) refers to adc.o(.bss) for .bss
    adc.o(i.Get_Adc_Average) refers to adc.o(i.Get_Adc) for Get_Adc
    adc.o(i.Get_Adc_Average) refers to stm32f1xx_hal_adc.o(i.HAL_ADC_Stop) for HAL_ADC_Stop
    adc.o(i.Get_Adc_Average) refers to adc.o(.bss) for .bss
    adc.o(i.Get_Adc_Battery_Full_Status) refers to adc.o(.data) for .data
    adc.o(i.Get_Adc_Battery_Level_Status) refers to adc.o(.data) for .data
    adc.o(i.Get_Adc_Battery_Poweroff_Status) refers to adc.o(.data) for .data
    adc.o(i.Get_Adc_Battery_Val) refers to adc.o(i.Get_Adc_Average) for Get_Adc_Average
    adc.o(i.Get_Adc_Battery_Val) refers to adc.o(.data) for .data
    adc.o(i.Get_Adc_Charging_Status) refers to adc.o(.data) for .data
    adc.o(i.Get_Adc_Charging_Val) refers to adc.o(i.Get_Adc_Average) for Get_Adc_Average
    adc.o(i.Get_Adc_Charging_Val) refers to adc.o(.data) for .data
    adc.o(i.Get_Adc_Electrode_Connect_Status) refers to adc.o(.data) for .data
    adc.o(i.Get_Adc_Val) refers to adc.o(i.Get_Adc_Average) for Get_Adc_Average
    adc.o(i.Get_Adc_Val) refers to adc.o(.data) for .data
    adc.o(i.HAL_ADC_MspDeInit) refers to stm32f1xx_hal_gpio.o(i.HAL_GPIO_DeInit) for HAL_GPIO_DeInit
[...]
    i.GUI_FES_Display_Ui_Main_Ch_Stimulate_Switch 0x08001a80   Section        0  gui.o(i.GUI_FES_Display_Ui_Main_Ch_Stimulate_Switch)
    i.GUI_FES_Display_Ui_Main_Cha_Chb_Stimulate_Select 0x08001ab0   Section        0  gui.o(i.GUI_FES_Display_Ui_Main_Cha_Chb_Stimulate_Select)
    i.GUI_FES_Display_Ui_Main_Cha_Stimulate_Background 0x08001b7c   Section        0  gui.o(i.GUI_FES_Display_Ui_Main_Cha_Stimulate_Background)
    i.GUI_FES_Display_Ui_Main_Chb_Stimulate_Background 0x08001c00   Section        0  gui.o(i.GUI_FES_Display_Ui_Main_Chb_Stimulate_Background)
    i.GUI_FES_Display_Ui_Main_Menu_Ch_Selec  0x08001c84   Section        0  gui.o(i.GUI_FES_Display_Ui_Main_Menu_Ch_Selec)
    i.GUI_FES_Display_Ui_Main_Mode_Background_Swith 0x08001cd8   Section        0  gui.o(i.GUI_FES_Display_Ui_Main_Mode_Background_Swith)
    i.GUI_FES_Display_Ui_Mode_Selec_Switch   0x08001d60   Section        0  gui.o(i.GUI_FES_Display_Ui_Mode_Selec_Switch)
    i.GUI_FES_Display_Ui_Stimu_Combina       0x08001d94   Section        0  gui.o(i.GUI_FES_Display_Ui_Stimu_Combina)
    i.GUI_FES_Display_Ui_Stimu_Combina_Main  0x08001db8   Section        0  gui.o(i.GUI_FES_Display_Ui_Stimu_Combina_Main)
    i.GUI_FES_Display_Ui_Stimu_Time          0x08001e00   Section        0  gui.o(i.GUI_FES_Display_Ui_Stimu_Time)
    i.GUI_FES_DrawImageNum_Adjust            0x08001e90   Section        0  gui.o(i.GUI_FES_DrawImageNum_Adjust)
    i.GUI_FES_DrawImageNum_Adjust_Ex         0x08001ea2   Section        0  gui.o(i.GUI_FES_DrawImageNum_Adjust_Ex)
    i.GUI_FES_DrawImageNum_Adjust_Two_Cha    0x08001eb4   Section        0  gui.o(i.GUI_FES_DrawImageNum_Adjust_Two_Cha)
    i.GUI_FES_DrawImageNum_Adjust_Two_Chb    0x08001ec6   Section        0  gui.o(i.GUI_FES_DrawImageNum_Adjust_Two_Chb)
    i.Get_Adc                                0x08001ed8   Section        0  adc.o(i.Get_Adc)
    i.Get_Adc_Average                        0x08001f10   Section        0  adc.o(i.Get_Adc_Average)
    i.Get_Adc_Battery_Level_Status           0x08001f40   Section        0  adc.o(i.Get_Adc_Battery_Level_Status)
    i.Get_Adc_Battery_Poweroff_Status        0x08001f6c   Section        0  adc.o(i.Get_Adc_Battery_Poweroff_Status)
    i.Get_Adc_Battery_Val                    0x08001fa0   Section        0  adc.o(i.Get_Adc_Battery_Val)
    i.Get_Adc_Electrode_Connect_Status       0x08001fb4   Section        0  adc.o(i.Get_Adc_Electrode_Connect_Status)
    i.Gui_DrawImage                          0x08001fc8   Section        0  gui.o(i.Gui_DrawImage)
    i.Gui_DrawLine                           0x08002014   Section        0  gui.o(i.Gui_DrawLine)
    i.Gui_Drawbmp16X                         0x080020ac   Section        0  gui.o(i.Gui_Drawbmp16X)
    i.HAL_ADC_ConfigChannel                  0x080020ec   Section        0  stm32f1xx_hal_adc.o(i.HAL_ADC_ConfigChannel)
    i.HAL_ADC_GetValue                       0x080021e8   Section        0  stm32f1xx_hal_adc.o(i.HAL_ADC_GetValue)
    i.HAL_ADC_Init                           0x080021f0   Section        0  stm32f1xx_hal_adc.o(i.HAL_ADC_Init)
    i.HAL_ADC_MspInit                        0x08002310   Section        0  adc.o(i.HAL_ADC_MspInit)
    i.HAL_ADC_PollForConversion              0x0800238c   Section        0  stm32f1xx_hal_adc.o(i.HAL_ADC_PollForConversion)
    i.HAL_ADC_Start                          0x080024c8   Section        0  stm32f1xx_hal_adc.o(i.HAL_ADC_Start)
    i.HAL_ADC_Stop                           0x08002588   Section        0  stm32f1xx_hal_adc.o(i.HAL_ADC_Stop)
    i.HAL_DAC_ConfigChannel                  0x080025bc   Section        0  stm32f1xx_hal_dac.o(i.HAL_DAC_ConfigChannel)
    i.HAL_DAC_Init                           0x08002602   Section        0  stm32f1xx_hal_dac.o(i.HAL_DAC_Init)
    i.HAL_DAC_MspInit                        0x0800262c   Section        0  dac.o(i.HAL_DAC_MspInit)
    i.HAL_DAC_SetValue                       0x08002684   Section        0  stm32f1xx_hal_dac.o(i.HAL_DAC_SetValue)
    i.HAL_DAC_Start                          0x0800269e   Section        0  stm32f1xx_hal_dac.o(i.HAL_DAC_Start)
    i.HAL_DAC_Stop                           0x080026fa   Section        0  stm32f1xx_hal_dac.o(i.HAL_DAC_Stop)
    i.HAL_DMA_Abort                          0x08002714   Section        0  stm32f1xx_hal_dma.o(i.HAL_DMA_Abort)
    i.HAL_DMA_Abort_IT                       0x0800275c   Section        0  stm32f1xx_hal_dma.o(i.HAL_DMA_Abort_IT)
    i.HAL_Delay                              0x0800288c   Section        0  stm32f1xx_hal.o(i.HAL_Delay)
    i.HAL_GPIO_EXTI_Callback                 0x080028b0   Section        0  app.o(i.HAL_GPIO_EXTI_Callback)
    i.HAL_GPIO_EXTI_IRQHandler               0x08002954   Section        0  stm32f1xx_hal_gpio.o(i.HAL_GPIO_EXTI_IRQHandler)
    i.HAL_GPIO_Init                          0x0800296c   Section        0  stm32f1xx_hal_gpio.o(i.HAL_GPIO_Init)
    i.HAL_GPIO_REMAP_CONFIG                  0x08002b64   Section        0  gpio.o(i.HAL_GPIO_REMAP_CONFIG)
    i.HAL_GPIO_ReadPin                       0x08002b9c   Section        0  stm32f1xx_hal_gpio.o(i.HAL_GPIO_ReadPin)
    i.HAL_GPIO_WritePin                      0x08002ba6   Section        0  stm32f1xx_hal_gpio.o(i.HAL_GPIO_WritePin)
    i.HAL_GetTick                            0x08002bb0   Section        0  stm32f1xx_hal.o(i.HAL_GetTick)
    i.HAL_IWDG_Init                          0x08002bbc   Section        0  stm32f1xx_hal_iwdg.o(i.HAL_IWDG_Init)
    i.HAL_IWDG_Refresh                       0x08002c16   Section        0  stm32f1xx_hal_iwdg.o(i.HAL_IWDG_Refresh)
    i.HAL_IncTick                            0x08002c24   Section        0  stm32f1xx_hal.o(i.HAL_IncTick)
    i.HAL_Init                               0x08002c34   Section        0  stm32f1xx_hal.o(i.HAL_Init)
    i.HAL_InitTick                           0x08002c58   Section        0  stm32f1xx_hal.o(i.HAL_InitTick)
    i.HAL_MspInit                            0x08002c98   Section        0  stm32f1xx_hal_msp.o(i.HAL_MspInit)
    i.HAL_NVIC_EnableIRQ                     0x08002cc4   Section        0  stm32f1xx_hal_cortex.o(i.HAL_NVIC_EnableIRQ)
    i.HAL_NVIC_SetPriority                   0x08002ce0   Section        0  stm32f1xx_hal_cortex.o(i.HAL_NVIC_SetPriority)
    i.HAL_NVIC_SetPriorityGrouping           0x08002d20   Section        0  stm32f1xx_hal_cortex.o(i.HAL_NVIC_SetPriorityGrouping)
    i.HAL_RCCEx_GetPeriphCLKFreq             0x08002d44   Section        0  stm32f1xx_hal_rcc_ex.o(i.HAL_RCCEx_GetPeriphCLKFreq)
    i.HAL_RCCEx_PeriphCLKConfig              0x08002e1c   Section        0  stm32f1xx_hal_rcc_ex.o(i.HAL_RCCEx_PeriphCLKConfig)
    i.HAL_RCC_ClockConfig                    0x08002f08   Section        0  stm32f1xx_hal_rcc.o(i.HAL_RCC_ClockConfig)
    i.HAL_RCC_GetPCLK1Freq                   0x08003034   Section        0  stm32f1xx_hal_rcc.o(i.HAL_RCC_GetPCLK1Freq)
    i.HAL_RCC_GetPCLK2Freq                   0x08003054   Section        0  stm32f1xx_hal_rcc.o(i.HAL_RCC_GetPCLK2Freq)
    i.HAL_RCC_GetSysClockFreq                0x08003074   Section        0  stm32f1xx_hal_rcc.o(i.HAL_RCC_GetSysClockFreq)
    i.HAL_RCC_OscConfig                      0x080030e8   Section        0  stm32f1xx_hal_rcc.o(i.HAL_RCC_OscConfig)
    i.HAL_SYSTICK_Config                     0x08003408   Section        0  stm32f1xx_hal_cortex.o(i.HAL_SYSTICK_Config)
    i.HAL_TIMEx_BreakCallback                0x08003430   Section        0  stm32f1xx_hal_tim_ex.o(i.HAL_TIMEx_BreakCallback)
    i.HAL_TIMEx_CommutCallback               0x08003432   Section        0  stm32f1xx_hal_tim_ex.o(i.HAL_TIMEx_CommutCallback)
    i.HAL_TIMEx_MasterConfigSynchronization  0x08003434   Section        0  stm32f1xx_hal_tim_ex.o(i.HAL_TIMEx_MasterConfigSynchronization)
    i.HAL_TIM_Base_Init                      0x080034b0   Section        0  stm32f1xx_hal_tim.o(i.HAL_TIM_Base_Init)
    i.HAL_TIM_Base_MspInit                   0x0800350c   Section        0  tim.o(i.HAL_TIM_Base_MspInit)
    i.HAL_TIM_Base_Start_IT                  0x080035bc   Section        0  stm32f1xx_hal_tim.o(i.HAL_TIM_Base_Start_IT)
    i.HAL_TIM_Base_Stop_IT                   0x08003628   Section        0  stm32f1xx_hal_tim.o(i.HAL_TIM_Base_Stop_IT)
    i.HAL_TIM_ConfigClockSource              0x08003658   Section        0  stm32f1xx_hal_tim.o(i.HAL_TIM_ConfigClockSource)
    i.HAL_TIM_IC_CaptureCallback             0x0800372e   Section        0  stm32f1xx_hal_tim.o(i.HAL_TIM_IC_CaptureCallback)
    i.HAL_TIM_IRQHandler                     0x08003730   Section        0  stm32f1xx_hal_tim.o(i.HAL_TIM_IRQHandler)
    i.HAL_TIM_OC_DelayElapsedCallback        0x08003896   Section        0  stm32f1xx_hal_tim.o(i.HAL_TIM_OC_DelayElapsedCallback)
    i.HAL_TIM_PWM_PulseFinishedCallback      0x08003898   Section        0  stm32f1xx_hal_tim.o(i.HAL_TIM_PWM_PulseFinishedCallback)
    i.HAL_TIM_PeriodElapsedCallback          0x0800389c   Section        0  tim.o(i.HAL_TIM_PeriodElapsedCallback)
    i.HAL_TIM_TriggerCallback                0x080038e0   Section        0  stm32f1xx_hal_tim.o(i.HAL_TIM_TriggerCallback)
    i.HAL_UARTEx_RxEventCallback             0x080038e2   Section        0  stm32f1xx_hal_uart.o(i.HAL_UARTEx_RxEventCallback)
    i.HAL_UART_ErrorCallback                 0x080038e4   Section        0  stm32f1xx_hal_uart.o(i.HAL_UART_ErrorCallback)
    i.HAL_UART_IRQHandler                    0x080038e8   Section        0  stm32f1xx_hal_uart.o(i.HAL_UART_IRQHandler)
    i.HAL_UART_Init                          0x08003af4   Section        0  stm32f1xx_hal_uart.o(i.HAL_UART_Init)
    i.HAL_UART_MspInit                       0x08003b58   Section        0  usart.o(i.HAL_UART_MspInit)
    i.HAL_UART_RxCpltCallback                0x08003c80   Section        0  stm32f1xx_hal_uart.o(i.HAL_UART_RxCpltCallback)
    i.HAL_UART_Transmit                      0x08003c84   Section        0  stm32f1xx_hal_uart.o(i.HAL_UART_Transmit)
    i.HAL_UART_TxCpltCallback                0x08003d36   Section        0  stm32f1xx_hal_uart.o(i.HAL_UART_TxCpltCallback)
    i.HAL_USART1_IRQHandler_Callback         0x08003d38   Section        0  usart.o(i.HAL_USART1_IRQHandler_Callback)
    i.HardFault_Handler                      0x08003d88   Section        0  stm32f1xx_it.o(i.HardFault_Handler)
    i.IWDG_Feed                              0x08003d8c   Section        0  iwdg.o(i.IWDG_Feed)
    i.LCD_Clear                              0x08003d98   Section        0  lcd.o(i.LCD_Clear)
    i.LCD_Clear_Fill                         0x08003e28   Section        0  lcd.o(i.LCD_Clear_Fill)
    i.LCD_DrawPoint                          0x08003ebc   Section        0  lcd.o(i.LCD_DrawPoint)
    i.LCD_DrawPoint_16Bit                    0x08003f14   Section        0  lcd.o(i.LCD_DrawPoint_16Bit)
    i.LCD_Init                               0x08003f5c   Section        0  lcd.o(i.LCD_Init)
    i.LCD_RESET                              0x08004ce8   Section        0  lcd.o(i.LCD_RESET)
    i.LCD_SetCursor                          0x08004d24   Section        0  lcd.o(i.LCD_SetCursor)
    i.LCD_SetParam                           0x08004e2c   Section        0  lcd.o(i.LCD_SetParam)
    i.LCD_SetWindows                         0x08004e50   Section        0  lcd.o(i.LCD_SetWindows)
    i.LCD_ShowChar                           0x08005040   Section        0  gui.o(i.LCD_ShowChar)
    i.LCD_ShowNum_Time                       0x08005138   Section        0  gui.o(i.LCD_ShowNum_Time)
    i.LCD_ShowNum_Time_Ex                    0x080051cc   Section        0  gui.o(i.LCD_ShowNum_Time_Ex)
    i.LCD_ShowString                         0x08005260   Section        0  gui.o(i.LCD_ShowString)
    i.LCD_WR_REG                             0x080052bc   Section        0  lcd.o(i.LCD_WR_REG)
    i.LCD_WriteRAM_Prepare                   0x08005304   Section        0  lcd.o(i.LCD_WriteRAM_Prepare)
    i.MX_ADC1_Init                           0x08005310   Section        0  adc.o(i.MX_ADC1_Init)
    i.MX_DAC_Init                            0x08005360   Section        0  dac.o(i.MX_DAC_Init)
    i.MX_GPIO_Init                           0x080053ac   Section        0  gpio.o(i.MX_GPIO_Init)
    i.MX_IWDG_Init                           0x08005534   Section        0  iwdg.o(i.MX_IWDG_Init)
    i.MX_TIM2_Init                           0x08005560   Section        0  tim.o(i.MX_TIM2_Init)
    i.MX_TIM3_Init                           0x080055cc   Section        0  tim.o(i.MX_TIM3_Init)
    i.MX_TIM5_Init                           0x08005634   Section        0  tim.o(i.MX_TIM5_Init)
    i.MX_UART4_Init                          0x0800569c   Section        0  usart.o(i.MX_UART4_Init)
    i.MX_USART1_UART_Init                    0x080056d4   Section        0  usart.o(i.MX_USART1_UART_Init)
    i.MemManage_Handler                      0x0800571c   Section        0  stm32f1xx_it.o(i.MemManage_Handler)
    i.NMI_Handler                            0x0800571e   Section        0  stm32f1xx_it.o(i.NMI_Handler)
    i.PendSV_Handler                         0x08005720   Section        0  stm32f1xx_it.o(i.PendSV_Handler)
    i.SVC_Handler                            0x08005722   Section        0  stm32f1xx_it.o(i.SVC_Handler)
    i.SysTick_Handler                        0x08005724   Section        0  stm32f1xx_it.o(i.SysTick_Handler)
    i.SystemClock_Config                     0x08005728   Section        0  main.o(i.SystemClock_Config)
    i.SystemInit                             0x080057aa   Section        0  system_stm32f1xx.o(i.SystemInit)
    i.TIM2_IRQHandler                        0x080057ac   Section        0  stm32f1xx_it.o(i.TIM2_IRQHandler)
    i.TIM3_IRQHandler                        0x080057b8   Section        0  stm32f1xx_it.o(i.TIM3_IRQHandler)
    i.TIM4_IRQHandler                        0x080057c4   Section        0  stm32f1xx_it.o(i.TIM4_IRQHandler)
    i.TIM5_IRQHandler                        0x080057d0   Section        0  stm32f1xx_it.o(i.TIM5_IRQHandler)
    i.TIM_Base_SetConfig                     0x080057dc   Section        0  stm32f1xx_hal_tim.o(i.TIM_Base_SetConfig)
    i.TIM_ETR_SetConfig                      0x08005868   Section        0  stm32f1xx_hal_tim.o(i.TIM_ETR_SetConfig)
    i.TIM_ITRx_SetConfig                     0x0800587c   Section        0  stm32f1xx_hal_tim.o(i.TIM_ITRx_SetConfig)
    TIM_ITRx_SetConfig                       0x0800587d   Thumb Code    16  stm32f1xx_hal_tim.o(i.TIM_ITRx_SetConfig)
    i.TIM_TI1_ConfigInputStage               0x0800588c   Section        0  stm32f1xx_hal_tim.o(i.TIM_TI1_ConfigInputStage)
    TIM_TI1_ConfigInputStage                 0x0800588d   Thumb Code    34  stm32f1xx_hal_tim.o(i.TIM_TI1_ConfigInputStage)
    i.TIM_TI2_ConfigInputStage               0x080058ae   Section        0  stm32f1xx_hal_tim.o(i.TIM_TI2_ConfigInputStage)
    TIM_TI2_ConfigInputStage                 0x080058af   Thumb Code    36  stm32f1xx_hal_tim.o(i.TIM_TI2_ConfigInputStage)
    i.UART4_IRQHandler                       0x080058d4   Section        0  stm32f1xx_it.o(i.UART4_IRQHandler)
    i.UART_DMAAbortOnError                   0x080058e0   Section        0  stm32f1xx_hal_uart.o(i.UART_DMAAbortOnError)
    UART_DMAAbortOnError                     0x080058e1   Thumb Code    16  stm32f1xx_hal_uart.o(i.UART_DMAAbortOnError)
    i.UART_EndRxTransfer                     0x080058f0   Section        0  stm32f1xx_hal_uart.o(i.UART_EndRxTransfer)
    UART_EndRxTransfer                       0x080058f1   Thumb Code    48  stm32f1xx_hal_uart.o(i.UART_EndRxTransfer)
    i.UART_Receive_IT                        0x08005920   Section        0  stm32f1xx_hal_uart.o(i.UART_Receive_IT)
    UART_Receive_IT                          0x08005921   Thumb Code   182  stm32f1xx_hal_uart.o(i.UART_Receive_IT)
    i.UART_SetConfig                         0x080059d8   Section        0  stm32f1xx_hal_uart.o(i.UART_SetConfig)
    UART_SetConfig                           0x080059d9   Thumb Code   178  stm32f1xx_hal_uart.o(i.UART_SetConfig)
    i.UART_WaitOnFlagUntilTimeout            0x08005a90   Section        0  stm32f1xx_hal_uart.o(i.UART_WaitOnFlagUntilTimeout)
    UART_WaitOnFlagUntilTimeout              0x08005a91   Thumb Code   100  stm32f1xx_hal_uart.o(i.UART_WaitOnFlagUntilTimeout)
    i.USART1_IRQHandler                      0x08005af4   Section        0  stm32f1xx_it.o(i.USART1_IRQHandler)
    i.UsageFault_Handler                     0x08005b08   Section        0  stm32f1xx_it.o(i.UsageFault_Handler)
    i.__NVIC_SetPriority                     0x08005b0a   Section        0  stm32f1xx_hal_cortex.o(i.__NVIC_SetPriority)
    __NVIC_SetPriority                       0x08005b0b   Thumb Code    32  stm32f1xx_hal_cortex.o(i.__NVIC_SetPriority)
    i.__scatterload_copy                     0x08005b2a   Section       14  handlers.o(i.__scatterload_copy)
    i.__scatterload_null                     0x08005b38   Section        2  handlers.o(i.__scatterload_null)
    i.__scatterload_zeroinit                 0x08005b3a   Section       14  handlers.o(i.__scatterload_zeroinit)
    i.main                                   0x08005b48   Section        0  main.o(i.main)
    i.mypow                                  0x08005b5a   Section        0  gui.o(i.mypow)
    .constdata                               0x08005b6a   Section       16  system_stm32f1xx.o(.constdata)
    .constdata                               0x08005b7a   Section        8  system_stm32f1xx.o(.constdata)
    .constdata                               0x08005b82   Section    196750  gui.o(.constdata)
    .data                                    0x20000000   Section       20  adc.o(.data)
    count                                    0x20000000   Data           1  adc.o(.data)
    adcx                                     0x20000010   Data           4  adc.o(.data)
    .data                                    0x20000014   Section        6  tim.o(.data)
    tim_count                                0x20000016   Data           2  tim.o(.data)
    tim_count                                0x20000018   Data           2  tim.o(.data)
    .data                                    0x2000001a   Section        4  usart.o(.data)
    .data                                    0x20000020   Section       12  stm32f1xx_hal.o(.data)
    .data                                    0x2000002c   Section        4  system_stm32f1xx.o(.data)
    .data                                    0x20000030   Section       22  app.o(.data)
    power_on                                 0x20000030   Data           1  app.o(.data)
    count_sn                                 0x20000031   Data           1  app.o(.data)
    dog_flag                                 0x20000032   Data           1  app.o(.data)
    battery_flag                             0x20000033   Data           1  app.o(.data)
    count                                    0x20000034   Data           1  app.o(.data)
    cha_on                                   0x20000035   Data           1  app.o(.data)
    chb_on                                   0x20000036   Data           1  app.o(.data)
    pwm_cha_switch_flag                      0x20000037   Data           1  app.o(.data)
    pwm_chb_switch_flag                      0x20000038   Data           1  app.o(.data)
    .data                                    0x20000048   Section        4  lcd.o(.data)
    .data                                    0x2000004c   Section        4  lcd.o(.data)
    .data                                    0x20000050   Section        4  lcd.o(.data)
    .bss                                     0x20000054   Section       48  adc.o(.bss)
    .bss                                     0x20000084   Section       20  dac.o(.bss)
    .bss                                     0x20000098   Section       12  iwdg.o(.bss)
    .bss                                     0x200000a4   Section      288  tim.o(.bss)
    .bss                                     0x200001c4   Section      404  usart.o(.bss)
    .bss                                     0x20000358   Section       14  app.o(.bss)
    .bss                                     0x20000368   Section       44  gui.o(.bss)
    .bss                                     0x20000394   Section       28  lcd.o(.bss)
    STACK                                    0x200003b0   Section     1024  startup_stm32f103xe.o(STACK)

    Global Symbols

    Symbol Name                              Value     Ov Type        Size  Object(Section)

    BuildAttributes$$THM_ISAv4$P$D$K$B$S$PE$A:L22UL41UL21$X:L11$S22US41US21$IEEE1$IW$USESV6$~STKCKD$USESV7$~SHL$OSPACE$ROPI$EBA8$MICROLIB$REQ8$PRES8$EABIv2 0x00000000   Number         0  anon$$obj.o ABSOLUTE
    __ARM_use_no_argv                        0x00000000   Number         0  main.o ABSOLUTE
    __cpp_initialize__aeabi_                  - Undefined Weak Reference
    __cxa_finalize                            - Undefined Weak Reference
    __decompress                              - Undefined Weak Reference
    _clock_init                               - Undefined Weak Reference
    _microlib_exit                            - Undefined Weak Reference
    __Vectors_Size                           0x00000130   Number         0  startup_stm32f103xe.o ABSOLUTE
    __Vectors                                0x08000000   Data           4  startup_stm32f103xe.o(RESET)
    __Vectors_End                            0x08000130   Data           0  startup_stm32f103xe.o(RESET)
    __main                                   0x08000131   Thumb Code     0  entry.o(.ARM.Collect$$$$00000000)
    _main_stk                                0x08000131   Thumb Code     0  entry2.o(.ARM.Collect$$$$00000001)
    _main_scatterload                        0x08000135   Thumb Code     0  entry5.o(.ARM.Collect$$$$00000004)
    __main_after_scatterload                 0x08000139   Thumb Code     0  entry5.o(.ARM.Collect$$$$00000004)
    _main_clock                              0x08000139   Thumb Code     0  entry7b.o(.ARM.Collect$$$$00000008)
    _main_cpp_init                           0x08000139   Thumb Code     0  entry8b.o(.ARM.Collect$$$$0000000A)
    _main_init                               0x08000139   Thumb Code     0  entry9a.o(.ARM.Collect$$$$0000000B)
    __rt_final_cpp                           0x08000141   Thumb Code     0  entry10a.o(.ARM.Collect$$$$0000000D)
    __rt_final_exit                          0x08000141   Thumb Code     0  entry11a.o(.ARM.Collect$$$$0000000F)
    Reset_Handler                            0x08000145   Thumb Code     8  startup_stm32f103xe.o(.text)
    ADC1_2_IRQHandler                        0x0800015f   Thumb Code     0  startup_stm32f103xe.o(.text)
    ADC3_IRQHandler                          0x0800015f   Thumb Code     0  startup_stm32f103xe.o(.text)
    CAN1_RX1_IRQHandler                      0x0800015f   Thumb Code     0  startup_stm32f103xe.o(.text)
    CAN1_SCE_IRQHandler                      0x0800015f   Thumb Code     0  startup_stm32f103xe.o(.text)
    DMA1_Channel1_IRQHandler                 0x0800015f   Thumb Code     0  startup_stm32f103xe.o(.text)
    DMA1_Channel2_IRQHandler                 0x0800015f   Thumb Code     0  startup_stm32f103xe.o(.text)
    DMA1_Channel3_IRQHandler                 0x0800015f   Thumb Code     0  startup_stm32f103xe.o(.text)
    DMA1_Channel4_IRQHandler                 0x0800015f   Thumb Code     0  startup_stm32f103xe.o(.text)
    DMA1_Channel5_IRQHandler                 0x0800015f   Thumb Code     0  startup_stm32f103xe.o(.text)
    DMA1_Channel6_IRQHandler                 0x0800015f   Thumb Code     0  startup_stm32f103xe.o(.text)
    DMA1_Channel7_IRQHandler                 0x0800015f   Thumb Code     0  startup_stm32f103xe.o(.text)
    DMA2_Channel1_IRQHandler                 0x0800015f   Thumb Code     0  startup_stm32f103xe.o(.text)
    DMA2_Channel2_IRQHandler                 0x0800015f   Thumb Code     0  startup_stm32f103xe.o(.text)
    DMA2_Channel3_IRQHandler                 0x0800015f   Thumb Code     0  startup_stm32f103xe.o(.text)
    DMA2_Channel4_5_IRQHandler               0x0800015f   Thumb Code     0  startup_stm32f103xe.o(.text)
    EXTI0_IRQHandler                         0x0800015f   Thumb Code     0  startup_stm32f103xe.o(.text)
    EXTI1_IRQHandler                         0x0800015f   Thumb Code     0  startup_stm32f103xe.o(.text)
    EXTI2_IRQHandler                         0x0800015f   Thumb Code     0  startup_stm32f103xe.o(.text)
    EXTI3_IRQHandler                         0x0800015f   Thumb Code     0  startup_stm32f103xe.o(.text)
    EXTI4_IRQHandler                         0x0800015f   Thumb Code     0  startup_stm32f103xe.o(.text)
    FLASH_IRQHandler                         0x0800015f   Thumb Code     0  startup_stm32f103xe.o(.text)
    FSMC_IRQHandler                          0x0800015f   Thumb Code     0  startup_stm32f103xe.o(.text)
    I2C1_ER_IRQHandler                       0x0800015f   Thumb Code     0  startup_stm32f103xe.o(.text)
    I2C1_EV_IRQHandler                       0x0800015f   Thumb Code     0  startup_stm32f103xe.o(.text)
    I2C2_ER_IRQHandler                       0x0800015f   Thumb Code     0  startup_stm32f103xe.o(.text)
    I2C2_EV_IRQHandler                       0x0800015f   Thumb Code     0  startup_stm32f103xe.o(.text)
    PVD_IRQHandler                           0x0800015f   Thumb Code     0  startup_stm32f103xe.o(.text)
    RCC_IRQHandler                           0x0800015f   Thumb Code     0  startup_stm32f103xe.o(.text)
    RTC_Alarm_IRQHandler                     0x0800015f   Thumb Code     0  startup_stm32f103xe.o(.text)
    RTC_IRQHandler                           0x0800015f   Thumb Code     0  startup_stm32f103xe.o(.text)
    SDIO_IRQHandler                          0x0800015f   Thumb Code     0  startup_stm32f103xe.o(.text)
    SPI1_IRQHandler                          0x0800015f   Thumb Code     0  startup_stm32f103xe.o(.text)
    SPI2_IRQHandler                          0x0800015f   Thumb Code     0  startup_stm32f103xe.o(.text)
    SPI3_IRQHandler                          0x0800015f   Thumb Code     0  startup_stm32f103xe.o(.text)
    TAMPER_IRQHandler                        0x0800015f   Thumb Code     0  startup_stm32f103xe.o(.text)
    TIM1_BRK_IRQHandler                      0x0800015f   Thumb Code     0  startup_stm32f103xe.o(.text)
    TIM1_CC_IRQHandler                       0x0800015f   Thumb Code     0  startup_stm32f103xe.o(.text)
    TIM1_TRG_COM_IRQHandler                  0x0800015f   Thumb Code     0  startup_stm32f103xe.o(.text)
    TIM1_UP_IRQHandler                       0x0800015f   Thumb Code     0  startup_stm32f103xe.o(.text)
    TIM6_IRQHandler                          0x0800015f   Thumb Code     0  startup_stm32f103xe.o(.text)
    TIM7_IRQHandler                          0x0800015f   Thumb Code     0  startup_stm32f103xe.o(.text)
    TIM8_BRK_IRQHandler                      0x0800015f   Thumb Code     0  startup_stm32f103xe.o(.text)
    TIM8_CC_IRQHandler                       0x0800015f   Thumb Code     0  startup_stm32f103xe.o(.text)
    TIM8_TRG_COM_IRQHandler                  0x0800015f   Thumb Code     0  startup_stm32f103xe.o(.text)
    TIM8_UP_IRQHandler                       0x0800015f   Thumb Code     0  startup_stm32f103xe.o(.text)
    UART5_IRQHandler                         0x0800015f   Thumb Code     0  startup_stm32f103xe.o(.text)
    USART2_IRQHandler                        0x0800015f   Thumb Code     0  startup_stm32f103xe.o(.text)
    USART3_IRQHandler                        0x0800015f   Thumb Code     0  startup_stm32f103xe.o(.text)
    USBWakeUp_IRQHandler                     0x0800015f   Thumb Code     0  startup_stm32f103xe.o(.text)
    USB_HP_CAN1_TX_IRQHandler                0x0800015f   Thumb Code     0  startup_stm32f103xe.o(.text)
    USB_LP_CAN1_RX0_IRQHandler               0x0800015f   Thumb Code     0  startup_stm32f103xe.o(.text)
    WWDG_IRQHandler                          0x0800015f   Thumb Code     0  startup_stm32f103xe.o(.text)
    __aeabi_llsr                             0x08000169   Thumb Code    32  llushr.o(.text)
    _ll_ushift_r                             0x08000169   Thumb Code     0  llushr.o(.text)
    __aeabi_memset                           0x08000189   Thumb Code    14  memseta.o(.text)
    __aeabi_memset4                          0x08000189   Thumb Code     0  memseta.o(.text)
    __aeabi_memset8                          0x08000189   Thumb Code     0  memseta.o(.text)
    __aeabi_memclr                           0x08000197   Thumb Code     4  memseta.o(.text)
    __aeabi_memclr4                          0x08000197   Thumb Code     0  memseta.o(.text)
    __aeabi_memclr8                          0x08000197   Thumb Code     0  memseta.o(.text)
    _memset$wrapper                          0x0800019b   Thumb Code    18  memseta.o(.text)
    __aeabi_ui2d                             0x080001ad   Thumb Code    26  dfltui.o(.text)
    __aeabi_d2uiz                            0x080001c7   Thumb Code    50  dfixui.o(.text)
    __I$use$fp                               0x080001f9   Thumb Code     0  iusefp.o(.text)
    _double_round                            0x080001f9   Thumb Code    30  depilogue.o(.text)
    _double_epilogue                         0x08000217   Thumb Code   156  depilogue.o(.text)
    __scatterload                            0x080002b5   Thumb Code    28  init.o(.text)
    __scatterload_rt2                        0x080002b5   Thumb Code     0  init.o(.text)
    __aeabi_llsl                             0x080002d9   Thumb Code    30  llshl.o(.text)
    _ll_shift_l                              0x080002d9   Thumb Code     0  llshl.o(.text)
    ADC_ConversionStop_Disable               0x080002f9   Thumb Code    86  stm32f1xx_hal_adc.o(i.ADC_ConversionStop_Disable)
    ADC_Enable                               0x08000351   Thumb Code   114  stm32f1xx_hal_adc.o(i.ADC_Enable)
    BC_Ch1_Pwm_Off                           0x080003cd   Thumb Code    26  tim.o(i.BC_Ch1_Pwm_Off)
    BC_Ch1_Pwm_On                            0x080003f5   Thumb Code    20  tim.o(i.BC_Ch1_Pwm_On)
    BC_Ch1_Pwm_Onoff_Flag                    0x08000415   Thumb Code     6  tim.o(i.BC_Ch1_Pwm_Onoff_Flag)
    BC_Ch2_Pwm_Off                           0x08000421   Thumb Code    22  tim.o(i.BC_Ch2_Pwm_Off)
    BC_Ch2_Pwm_On                            0x08000441   Thumb Code    18  tim.o(i.BC_Ch2_Pwm_On)
    BC_DAC1_Set_Level                        0x0800045d   Thumb Code    28  dac.o(i.BC_DAC1_Set_Level)
    BC_DAC1_Set_Val                          0x0800047d   Thumb Code    12  dac.o(i.BC_DAC1_Set_Val)
    BC_DAC1_Start                            0x0800048d   Thumb Code     8  dac.o(i.BC_DAC1_Start)
    BC_DAC1_Stop                             0x08000499   Thumb Code    20  dac.o(i.BC_DAC1_Stop)
    BC_DAC2_Set_Level                        0x080004b1   Thumb Code    10  dac.o(i.BC_DAC2_Set_Level)
    BC_DAC2_Set_Val                          0x080004bd   Thumb Code    26  dac.o(i.BC_DAC2_Set_Val)
    BC_DAC2_Start                            0x080004dd   Thumb Code     8  dac.o(i.BC_DAC2_Start)
    BC_DAC2_Stop                             0x080004e9   Thumb Code     8  dac.o(i.BC_DAC2_Stop)
    BC_FES_cha_countdown_time                0x080004f5   Thumb Code   152  app.o(i.BC_FES_cha_countdown_time)
    BC_FES_cha_parse_data                    0x08000595   Thumb Code   118  app.o(i.BC_FES_cha_parse_data)
    BC_FES_cha_restart_countdown_time        0x08000615   Thumb Code    34  app.o(i.BC_FES_cha_restart_countdown_time)
    BC_FES_cha_set_stimulation_time          0x0800063d   Thumb Code    26  app.o(i.BC_FES_cha_set_stimulation_time)
    BC_FES_cha_swallow_set_para              0x0800065d   Thumb Code    40  app.o(i.BC_FES_cha_swallow_set_para)
    BC_FES_cha_upper_set_para                0x0800068d   Thumb Code    42  app.o(i.BC_FES_cha_upper_set_para)
    BC_FES_chb_countdown_time                0x080006c1   Thumb Code   152  app.o(i.BC_FES_chb_countdown_time)
    BC_FES_chb_restart_countdown_time        0x08000761   Thumb Code    34  app.o(i.BC_FES_chb_restart_countdown_time)
    BC_FES_chb_set_stimulation_time          0x08000789   Thumb Code    26  app.o(i.BC_FES_chb_set_stimulation_time)
    BC_FES_chb_swallow_set_para              0x080007a9   Thumb Code    40  app.o(i.BC_FES_chb_swallow_set_para)
    BC_FES_chb_upper_set_para                0x080007d9   Thumb Code    42  app.o(i.BC_FES_chb_upper_set_para)
    BC_FES_countdown_time                    0x0800080d   Thumb Code    94  app.o(i.BC_FES_countdown_time)
    BC_FES_gui_key_back_process              0x08000879   Thumb Code   190  app.o(i.BC_FES_gui_key_back_process)
    BC_FES_gui_key_down_process              0x08000949   Thumb Code   266  app.o(i.BC_FES_gui_key_down_process)
    BC_FES_gui_key_ok_process                0x08000a59   Thumb Code   512  app.o(i.BC_FES_gui_key_ok_process)
    BC_FES_gui_key_up_process                0x08000c65   Thumb Code   266  app.o(i.BC_FES_gui_key_up_process)
    BC_FES_key_back_cha_stimulate            0x08000d75   Thumb Code    46  app.o(i.BC_FES_key_back_cha_stimulate)
    BC_FES_key_back_chb_stimulate            0x08000dad   Thumb Code    26  app.o(i.BC_FES_key_back_chb_stimulate)
    BC_FES_key_down_channel_a_stimulate      0x08000dd1   Thumb Code    70  app.o(i.BC_FES_key_down_channel_a_stimulate)
    BC_FES_key_down_channel_b_stimulate      0x08000e21   Thumb Code    72  app.o(i.BC_FES_key_down_channel_b_stimulate)
    BC_FES_key_ok_stimulate_cha_entery_screen 0x08000e71   Thumb Code    42  app.o(i.BC_FES_key_ok_stimulate_cha_entery_screen)
    BC_FES_key_ok_stimulate_chb_entery_screen 0x08000ea5   Thumb Code    56  app.o(i.BC_FES_key_ok_stimulate_chb_entery_screen)
    BC_FES_key_up_channel_a_stimulate        0x08000ee5   Thumb Code    70  app.o(i.BC_FES_key_up_channel_a_stimulate)
    BC_FES_key_up_channel_b_stimulate        0x08000f35   Thumb Code    72  app.o(i.BC_FES_key_up_channel_b_stimulate)
    BC_FES_parse_data                        0x08000f85   Thumb Code    48  app.o(i.BC_FES_parse_data)
    BC_FES_pc_connect_after_process          0x08000fb9   Thumb Code    10  app.o(i.BC_FES_pc_connect_after_process)
    BC_FES_stimu_combina                     0x08000fc9   Thumb Code     8  app.o(i.BC_FES_stimu_combina)
    BC_Fes_Ch_Timer_Off                      0x08000fd5   Thumb Code     6  tim.o(i.BC_Fes_Ch_Timer_Off)
    BC_Fes_Ch_Timer_On                       0x08000fe1   Thumb Code     6  tim.o(i.BC_Fes_Ch_Timer_On)
    BC_Timer3_Ch1_Pwm_Process                0x08000fed   Thumb Code    80  tim.o(i.BC_Timer3_Ch1_Pwm_Process)
    BC_Timer4_Ch2_Pwm_Process                0x08001049   Thumb Code    90  tim.o(i.BC_Timer4_Ch2_Pwm_Process)
    BC_VNS_USART1_DATA_PROCESS               0x080010b5   Thumb Code    50  app.o(i.BC_VNS_USART1_DATA_PROCESS)
    BC_VNS_parse_rx_data                     0x080010f5   Thumb Code   112  app.o(i.BC_VNS_parse_rx_data)
    BC_VNS_water_led_init                    0x08001171   Thumb Code   116  app.o(i.BC_VNS_water_led_init)
    BC_check_response_data                   0x080011e9   Thumb Code   138  app.o(i.BC_check_response_data)
    BC_continuous_action                     0x0800127d   Thumb Code    68  app.o(i.BC_continuous_action)
    BC_continuous_action_pwm_dac             0x080012c9   Thumb Code    44  app.o(i.BC_continuous_action_pwm_dac)
    BC_continuous_action_pwm_dac_half        0x080012fd   Thumb Code    46  app.o(i.BC_continuous_action_pwm_dac_half)
    BC_countdown_time                        0x08001335   Thumb Code     4  app.o(i.BC_countdown_time)
    BC_crc_cal_value                         0x08001339   Thumb Code    52  app.o(i.BC_crc_cal_value)
    BC_detecting_battery_voltage             0x0800136d   Thumb Code    36  app.o(i.BC_detecting_battery_voltage)
    BC_device_init_check_voltage             0x08001395   Thumb Code    34  app.o(i.BC_device_init_check_voltage)
    BC_long_key_power_off                    0x080013b9   Thumb Code   118  app.o(i.BC_long_key_power_off)
    BC_mcu_init                              0x08001445   Thumb Code    88  app.o(i.BC_mcu_init)
    BC_para_init                             0x080014a5   Thumb Code    58  app.o(i.BC_para_init)
    BC_play_audio_1                          0x080014ed   Thumb Code    26  app.o(i.BC_play_audio_1)
    BC_play_audio_2                          0x08001515   Thumb Code    26  app.o(i.BC_play_audio_2)
    BC_play_audio_3                          0x0800153d   Thumb Code    26  app.o(i.BC_play_audio_3)
    BC_play_audio_4                          0x08001565   Thumb Code    26  app.o(i.BC_play_audio_4)
    BC_response_data                         0x0800158d   Thumb Code    96  app.o(i.BC_response_data)
    BC_send_hr_cycle                         0x080015f1   Thumb Code    96  app.o(i.BC_send_hr_cycle)
    BC_task                                  0x08001659   Thumb Code     4  app.o(i.BC_task)
    BusFault_Handler                         0x0800165d   Thumb Code     2  stm32f1xx_it.o(i.BusFault_Handler)
    DebugMon_Handler                         0x0800165f   Thumb Code     2  stm32f1xx_it.o(i.DebugMon_Handler)
    EXTI15_10_IRQHandler                     0x08001661   Thumb Code    38  stm32f1xx_it.o(i.EXTI15_10_IRQHandler)
    EXTI9_5_IRQHandler                       0x08001687   Thumb Code     6  stm32f1xx_it.o(i.EXTI9_5_IRQHandler)
    Error_Handler                            0x0800168d   Thumb Code     4  main.o(i.Error_Handler)
    GUI_Display_Clear_No_Icon                0x08001691   Thumb Code    24  gui.o(i.GUI_Display_Clear_No_Icon)
    GUI_Display_Countdown_Time               0x080016a9   Thumb Code    54  gui.o(i.GUI_Display_Countdown_Time)
    GUI_Display_Countdown_Time_Ex            0x080016e5   Thumb Code    54  gui.o(i.GUI_Display_Countdown_Time_Ex)
    GUI_Display_Logo_Picture                 0x08001721   Thumb Code    28  gui.o(i.GUI_Display_Logo_Picture)
    GUI_Display_Num                          0x08001741   Thumb Code   130  gui.o(i.GUI_Display_Num)
    GUI_Display_Ui_Battery_Level_Icon        0x08001815   Thumb Code     4  gui.o(i.GUI_Display_Ui_Battery_Level_Icon)
    GUI_Display_Ui_Main_Back                 0x08001819   Thumb Code    74  gui.o(i.GUI_Display_Ui_Main_Back)
    GUI_Display_Ui_Main_Menu                 0x08001869   Thumb Code    30  gui.o(i.GUI_Display_Ui_Main_Menu)
    GUI_DrawImageNum_Ex                      0x0800188d   Thumb Code   170  gui.o(i.GUI_DrawImageNum_Ex)
    GUI_DrawPoint                            0x08001941   Thumb Code    18  gui.o(i.GUI_DrawPoint)
    GUI_FES_Display_Ui_Battery_Level_Icon    0x08001955   Thumb Code    56  gui.o(i.GUI_FES_Display_Ui_Battery_Level_Icon)
    GUI_FES_Display_Ui_Main_Ch_Mode_Back     0x0800199d   Thumb Code   184  gui.o(i.GUI_FES_Display_Ui_Main_Ch_Mode_Back)
    GUI_FES_Display_Ui_Main_Ch_Stimulate_Switch 0x08001a81   Thumb Code    44  gui.o(i.GUI_FES_Display_Ui_Main_Ch_Stimulate_Switch)
    GUI_FES_Display_Ui_Main_Cha_Chb_Stimulate_Select 0x08001ab1   Thumb Code   198  gui.o(i.GUI_FES_Display_Ui_Main_Cha_Chb_Stimulate_Select)
    GUI_FES_Display_Ui_Main_Cha_Stimulate_Background 0x08001b7d   Thumb Code   114  gui.o(i.GUI_FES_Display_Ui_Main_Cha_Stimulate_Background)
    GUI_FES_Display_Ui_Main_Chb_Stimulate_Background 0x08001c01   Thumb Code   114  gui.o(i.GUI_FES_Display_Ui_Main_Chb_Stimulate_Background)
    GUI_FES_Display_Ui_Main_Menu_Ch_Selec    0x08001c85   Thumb Code    68  gui.o(i.GUI_FES_Display_Ui_Main_Menu_Ch_Selec)
    GUI_FES_Display_Ui_Main_Mode_Background_Swith 0x08001cd9   Thumb Code   126  gui.o(i.GUI_FES_Display_Ui_Main_Mode_Background_Swith)
    GUI_FES_Display_Ui_Mode_Selec_Switch     0x08001d61   Thumb Code    46  gui.o(i.GUI_FES_Display_Ui_Mode_Selec_Switch)
    GUI_FES_Display_Ui_Stimu_Combina         0x08001d95   Thumb Code    26  gui.o(i.GUI_FES_Display_Ui_Stimu_Combina)
    GUI_FES_Display_Ui_Stimu_Combina_Main    0x08001db9   Thumb Code    54  gui.o(i.GUI_FES_Display_Ui_Stimu_Combina_Main)
    GUI_FES_Display_Ui_Stimu_Time            0x08001e01   Thumb Code   122  gui.o(i.GUI_FES_Display_Ui_Stimu_Time)
    GUI_FES_DrawImageNum_Adjust              0x08001e91   Thumb Code    18  gui.o(i.GUI_FES_DrawImageNum_Adjust)
    GUI_FES_DrawImageNum_Adjust_Ex           0x08001ea3   Thumb Code    18  gui.o(i.GUI_FES_DrawImageNum_Adjust_Ex)
    GUI_FES_DrawImageNum_Adjust_Two_Cha      0x08001eb5   Thumb Code    18  gui.o(i.GUI_FES_DrawImageNum_Adjust_Two_Cha)
    GUI_FES_DrawImageNum_Adjust_Two_Chb      0x08001ec7   Thumb Code    18  gui.o(i.GUI_FES_DrawImageNum_Adjust_Two_Chb)
    Get_Adc                                  0x08001ed9   Thumb Code    50  adc.o(i.Get_Adc)
    Get_Adc_Average                          0x08001f11   Thumb Code    44  adc.o(i.Get_Adc_Average)
    Get_Adc_Battery_Level_Status             0x08001f41   Thumb Code    40  adc.o(i.Get_Adc_Battery_Level_Status)
    Get_Adc_Battery_Poweroff_Status          0x08001f6d   Thumb Code    46  adc.o(i.Get_Adc_Battery_Poweroff_Status)
    Get_Adc_Battery_Val                      0x08001fa1   Thumb Code    14  adc.o(i.Get_Adc_Battery_Val)
    Get_Adc_Electrode_Connect_Status         0x08001fb5   Thumb Code    14  adc.o(i.Get_Adc_Electrode_Connect_Status)
    Gui_DrawImage                            0x08001fc9   Thumb Code    72  gui.o(i.Gui_DrawImage)
    Gui_DrawLine                             0x08002015   Thumb Code   150  gui.o(i.Gui_DrawLine)
    Gui_Drawbmp16X                           0x080020ad   Thumb Code    60  gui.o(i.Gui_Drawbmp16X)
    HAL_ADC_ConfigChannel                    0x080020ed   Thumb Code   240  stm32f1xx_hal_adc.o(i.HAL_ADC_ConfigChannel)
    HAL_ADC_GetValue                         0x080021e9   Thumb Code     6  stm32f1xx_hal_adc.o(i.HAL_ADC_GetValue)
    HAL_ADC_Init                             0x080021f1   Thumb Code   272  stm32f1xx_hal_adc.o(i.HAL_ADC_Init)
    HAL_ADC_MspInit                          0x08002311   Thumb Code   106  adc.o(i.HAL_ADC_MspInit)
    HAL_ADC_PollForConversion                0x0800238d   Thumb Code   304  stm32f1xx_hal_adc.o(i.HAL_ADC_PollForConversion)
    HAL_ADC_Start                            0x080024c9   Thumb Code   184  stm32f1xx_hal_adc.o(i.HAL_ADC_Start)
    HAL_ADC_Stop                             0x08002589   Thumb Code    52  stm32f1xx_hal_adc.o(i.HAL_ADC_Stop)
    HAL_DAC_ConfigChannel                    0x080025bd   Thumb Code    70  stm32f1xx_hal_dac.o(i.HAL_DAC_ConfigChannel)
    HAL_DAC_Init                             0x08002603   Thumb Code    40  stm32f1xx_hal_dac.o(i.HAL_DAC_Init)
    HAL_DAC_MspInit                          0x0800262d   Thumb Code    76  dac.o(i.HAL_DAC_MspInit)
    HAL_DAC_SetValue                         0x08002685   Thumb Code    26  stm32f1xx_hal_dac.o(i.HAL_DAC_SetValue)
    HAL_DAC_Start                            0x0800269f   Thumb Code    92  stm32f1xx_hal_dac.o(i.HAL_DAC_Start)
    HAL_DAC_Stop                             0x080026fb   Thumb Code    26  stm32f1xx_hal_dac.o(i.HAL_DAC_Stop)
    HAL_DMA_Abort                            0x08002715   Thumb Code    70  stm32f1xx_hal_dma.o(i.HAL_DMA_Abort)
    HAL_DMA_Abort_IT                         0x0800275d   Thumb Code   296  stm32f1xx_hal_dma.o(i.HAL_DMA_Abort_IT)
    HAL_Delay                                0x0800288d   Thumb Code    32  stm32f1xx_hal.o(i.HAL_Delay)
    HAL_GPIO_EXTI_Callback                   0x080028b1   Thumb Code   150  app.o(i.HAL_GPIO_EXTI_Callback)
    HAL_GPIO_EXTI_IRQHandler                 0x08002955   Thumb Code    18  stm32f1xx_hal_gpio.o(i.HAL_GPIO_EXTI_IRQHandler)
    HAL_GPIO_Init                            0x0800296d   Thumb Code   462  stm32f1xx_hal_gpio.o(i.HAL_GPIO_Init)
    HAL_GPIO_REMAP_CONFIG                    0x08002b65   Thumb Code    48  gpio.o(i.HAL_GPIO_REMAP_CONFIG)
    HAL_GPIO_ReadPin                         0x08002b9d   Thumb Code    10  stm32f1xx_hal_gpio.o(i.HAL_GPIO_ReadPin)
    HAL_GPIO_WritePin                        0x08002ba7   Thumb Code    10  stm32f1xx_hal_gpio.o(i.HAL_GPIO_WritePin)
    HAL_GetTick                              0x08002bb1   Thumb Code     6  stm32f1xx_hal.o(i.HAL_GetTick)
    HAL_IWDG_Init                            0x08002bbd   Thumb Code    90  stm32f1xx_hal_iwdg.o(i.HAL_IWDG_Init)
    HAL_IWDG_Refresh                         0x08002c17   Thumb Code    12  stm32f1xx_hal_iwdg.o(i.HAL_IWDG_Refresh)
    HAL_IncTick                              0x08002c25   Thumb Code    12  stm32f1xx_hal.o(i.HAL_IncTick)
    HAL_Init                                 0x08002c35   Thumb Code    32  stm32f1xx_hal.o(i.HAL_Init)
    HAL_InitTick                             0x08002c59   Thumb Code    54  stm32f1xx_hal.o(i.HAL_InitTick)
    HAL_MspInit                              0x08002c99   Thumb Code    38  stm32f1xx_hal_msp.o(i.HAL_MspInit)
    HAL_NVIC_EnableIRQ                       0x08002cc5   Thumb Code    26  stm32f1xx_hal_cortex.o(i.HAL_NVIC_EnableIRQ)
    HAL_NVIC_SetPriority                     0x08002ce1   Thumb Code    60  stm32f1xx_hal_cortex.o(i.HAL_NVIC_SetPriority)
    HAL_NVIC_SetPriorityGrouping             0x08002d21   Thumb Code    26  stm32f1xx_hal_cortex.o(i.HAL_NVIC_SetPriorityGrouping)
    HAL_RCCEx_GetPeriphCLKFreq               0x08002d45   Thumb Code   178  stm32f1xx_hal_rcc_ex.o(i.HAL_RCCEx_GetPeriphCLKFreq)
    HAL_RCCEx_PeriphCLKConfig                0x08002e1d   Thumb Code   224  stm32f1xx_hal_rcc_ex.o(i.HAL_RCCEx_PeriphCLKConfig)
    HAL_RCC_ClockConfig                      0x08002f09   Thumb Code   280  stm32f1xx_hal_rcc.o(i.HAL_RCC_ClockConfig)
    HAL_RCC_GetPCLK1Freq                     0x08003035   Thumb Code    20  stm32f1xx_hal_rcc.o(i.HAL_RCC_GetPCLK1Freq)
    HAL_RCC_GetPCLK2Freq                     0x08003055   Thumb Code    20  stm32f1xx_hal_rcc.o(i.HAL_RCC_GetPCLK2Freq)
    HAL_RCC_GetSysClockFreq                  0x08003075   Thumb Code    80  stm32f1xx_hal_rcc.o(i.HAL_RCC_GetSysClockFreq)
    HAL_RCC_OscConfig                        0x080030e9   Thumb Code   778  stm32f1xx_hal_rcc.o(i.HAL_RCC_OscConfig)
    HAL_SYSTICK_Config                       0x08003409   Thumb Code    40  stm32f1xx_hal_cortex.o(i.HAL_SYSTICK_Config)
    HAL_TIMEx_BreakCallback                  0x08003431   Thumb Code     2  stm32f1xx_hal_tim_ex.o(i.HAL_TIMEx_BreakCallback)
    HAL_TIMEx_CommutCallback                 0x08003433   Thumb Code     2  stm32f1xx_hal_tim_ex.o(i.HAL_TIMEx_CommutCallback)
    HAL_TIMEx_MasterConfigSynchronization    0x08003435   Thumb Code   104  stm32f1xx_hal_tim_ex.o(i.HAL_TIMEx_MasterConfigSynchronization)
    HAL_TIM_Base_Init                        0x080034b1   Thumb Code    90  stm32f1xx_hal_tim.o(i.HAL_TIM_Base_Init)
    HAL_TIM_Base_MspInit                     0x0800350d   Thumb Code   158  tim.o(i.HAL_TIM_Base_MspInit)
    HAL_TIM_Base_Start_IT                    0x080035bd   Thumb Code    88  stm32f1xx_hal_tim.o(i.HAL_TIM_Base_Start_IT)
    HAL_TIM_Base_Stop_IT                     0x08003629   Thumb Code    48  stm32f1xx_hal_tim.o(i.HAL_TIM_Base_Stop_IT)
    HAL_TIM_ConfigClockSource                0x08003659   Thumb Code   214  stm32f1xx_hal_tim.o(i.HAL_TIM_ConfigClockSource)
    HAL_TIM_IC_CaptureCallback               0x0800372f   Thumb Code     2  stm32f1xx_hal_tim.o(i.HAL_TIM_IC_CaptureCallback)
    HAL_TIM_IRQHandler                       0x08003731   Thumb Code   358  stm32f1xx_hal_tim.o(i.HAL_TIM_IRQHandler)
    HAL_TIM_OC_DelayElapsedCallback          0x08003897   Thumb Code     2  stm32f1xx_hal_tim.o(i.HAL_TIM_OC_DelayElapsedCallback)
    HAL_TIM_PWM_PulseFinishedCallback        0x08003899   Thumb Code     2  stm32f1xx_hal_tim.o(i.HAL_TIM_PWM_PulseFinishedCallback)
    HAL_TIM_PeriodElapsedCallback            0x0800389d   Thumb Code    52  tim.o(i.HAL_TIM_PeriodElapsedCallback)
    HAL_TIM_TriggerCallback                  0x080038e1   Thumb Code     2  stm32f1xx_hal_tim.o(i.HAL_TIM_TriggerCallback)
    HAL_UARTEx_RxEventCallback               0x080038e3   Thumb Code     2  stm32f1xx_hal_uart.o(i.HAL_UARTEx_RxEventCallback)
    HAL_UART_ErrorCallback                   0x080038e5   Thumb Code     2  stm32f1xx_hal_uart.o(i.HAL_UART_ErrorCallback)
    HAL_UART_IRQHandler                      0x080038e9   Thumb Code   520  stm32f1xx_hal_uart.o(i.HAL_UART_IRQHandler)
    HAL_UART_Init                            0x08003af5   Thumb Code    98  stm32f1xx_hal_uart.o(i.HAL_UART_Init)
    HAL_UART_MspInit                         0x08003b59   Thumb Code   268  usart.o(i.HAL_UART_MspInit)
    HAL_UART_RxCpltCallback                  0x08003c81   Thumb Code     2  stm32f1xx_hal_uart.o(i.HAL_UART_RxCpltCallback)
    HAL_UART_Transmit                        0x08003c85   Thumb Code   178  stm32f1xx_hal_uart.o(i.HAL_UART_Transmit)
    HAL_UART_TxCpltCallback                  0x08003d37   Thumb Code     2  stm32f1xx_hal_uart.o(i.HAL_UART_TxCpltCallback)
    HAL_USART1_IRQHandler_Callback           0x08003d39   Thumb Code    68  usart.o(i.HAL_USART1_IRQHandler_Callback)
    HardFault_Handler                        0x08003d89   Thumb Code     2  stm32f1xx_it.o(i.HardFault_Handler)
    IWDG_Feed                                0x08003d8d   Thumb Code     6  iwdg.o(i.IWDG_Feed)
    LCD_Clear                                0x08003d99   Thumb Code   132  lcd.o(i.LCD_Clear)
    LCD_Clear_Fill                           0x08003e29   Thumb Code   140  lcd.o(i.LCD_Clear_Fill)
    LCD_DrawPoint                            0x08003ebd   Thumb Code    76  lcd.o(i.LCD_DrawPoint)
    LCD_DrawPoint_16Bit                      0x08003f15   Thumb Code    64  lcd.o(i.LCD_DrawPoint_16Bit)
    LCD_Init                                 0x08003f5d   Thumb Code  3468  lcd.o(i.LCD_Init)
    LCD_RESET                                0x08004ce9   Thumb Code    56  lcd.o(i.LCD_RESET)
    LCD_SetCursor                            0x08004d25   Thumb Code   252  lcd.o(i.LCD_SetCursor)
    LCD_SetParam                             0x08004e2d   Thumb Code    30  lcd.o(i.LCD_SetParam)
    LCD_SetWindows                           0x08004e51   Thumb Code   482  lcd.o(i.LCD_SetWindows)
    LCD_ShowChar                             0x08005041   Thumb Code   230  gui.o(i.LCD_ShowChar)
    LCD_ShowNum_Time                         0x08005139   Thumb Code   138  gui.o(i.LCD_ShowNum_Time)
    LCD_ShowNum_Time_Ex                      0x080051cd   Thumb Code   138  gui.o(i.LCD_ShowNum_Time_Ex)
    LCD_ShowString                           0x08005261   Thumb Code    80  gui.o(i.LCD_ShowString)
    LCD_WR_REG                               0x080052bd   Thumb Code    64  lcd.o(i.LCD_WR_REG)
    LCD_WriteRAM_Prepare                     0x08005305   Thumb Code     8  lcd.o(i.LCD_WriteRAM_Prepare)
    MX_ADC1_Init                             0x08005311   Thumb Code    70  adc.o(i.MX_ADC1_Init)
    MX_DAC_Init                              0x08005361   Thumb Code    66  dac.o(i.MX_DAC_Init)
    MX_GPIO_Init                             0x080053ad   Thumb Code   362  gpio.o(i.MX_GPIO_Init)
    MX_IWDG_Init                             0x08005535   Thumb Code    36  iwdg.o(i.MX_IWDG_Init)
    MX_TIM2_Init                             0x08005561   Thumb Code   102  tim.o(i.MX_TIM2_Init)
    MX_TIM3_Init                             0x080055cd   Thumb Code    94  tim.o(i.MX_TIM3_Init)
    MX_TIM5_Init                             0x08005635   Thumb Code    96  tim.o(i.MX_TIM5_Init)
    MX_UART4_Init                            0x0800569d   Thumb Code    48  usart.o(i.MX_UART4_Init)
    MX_USART1_UART_Init                      0x080056d5   Thumb Code    64  usart.o(i.MX_USART1_UART_Init)
    MemManage_Handler                        0x0800571d   Thumb Code     2  stm32f1xx_it.o(i.MemManage_Handler)
    NMI_Handler                              0x0800571f   Thumb Code     2  stm32f1xx_it.o(i.NMI_Handler)
    PendSV_Handler                           0x08005721   Thumb Code     2  stm32f1xx_it.o(i.PendSV_Handler)
    SVC_Handler                              0x08005723   Thumb Code     2  stm32f1xx_it.o(i.SVC_Handler)
    SysTick_Handler                          0x08005725   Thumb Code     4  stm32f1xx_it.o(i.SysTick_Handler)
    SystemClock_Config                       0x08005729   Thumb Code   130  main.o(i.SystemClock_Config)
    SystemInit                               0x080057ab   Thumb Code     2  system_stm32f1xx.o(i.SystemInit)
    TIM2_IRQHandler                          0x080057ad   Thumb Code     6  stm32f1xx_it.o(i.TIM2_IRQHandler)
    TIM3_IRQHandler                          0x080057b9   Thumb Code     6  stm32f1xx_it.o(i.TIM3_IRQHandler)
    TIM4_IRQHandler                          0x080057c5   Thumb Code     6  stm32f1xx_it.o(i.TIM4_IRQHandler)
    TIM5_IRQHandler                          0x080057d1   Thumb Code     6  stm32f1xx_it.o(i.TIM5_IRQHandler)
    TIM_Base_SetConfig                       0x080057dd   Thumb Code   120  stm32f1xx_hal_tim.o(i.TIM_Base_SetConfig)
    TIM_ETR_SetConfig                        0x08005869   Thumb Code    20  stm32f1xx_hal_tim.o(i.TIM_ETR_SetConfig)
    UART4_IRQHandler                         0x080058d5   Thumb Code     6  stm32f1xx_it.o(i.UART4_IRQHandler)
    USART1_IRQHandler                        0x08005af5   Thumb Code    16  stm32f1xx_it.o(i.USART1_IRQHandler)
    UsageFault_Handler                       0x08005b09   Thumb Code     2  stm32f1xx_it.o(i.UsageFault_Handler)
    __scatterload_copy                       0x08005b2b   Thumb Code    14  handlers.o(i.__scatterload_copy)
    __scatterload_null                       0x08005b39   Thumb Code     2  handlers.o(i.__scatterload_null)
    __scatterload_zeroinit                   0x08005b3b   Thumb Code    14  handlers.o(i.__scatterload_zeroinit)
    main                                     0x08005b49   Thumb Code    18  main.o(i.main)
    mypow                                    0x08005b5b   Thumb Code    16  gui.o(i.mypow)
    AHBPrescTable                            0x08005b6a   Data          16  system_stm32f1xx.o(.constdata)
    APBPrescTable                            0x08005b7a   Data           8  system_stm32f1xx.o(.constdata)
    hz24                                     0x08005b82   Data          74  gui.o(.constdata)
    asc2_1206                                0x08005bcc   Data        1140  gui.o(.constdata)
    asc2_1608                                0x08006040   Data        1520  gui.o(.constdata)
    tfont16                                  0x08006630   Data        1564  gui.o(.constdata)
    tfont32                                  0x08006c4c   Data         520  gui.o(.constdata)
    gImage_image_battery3                    0x08006e54   Data         312  gui.o(.constdata)
    gImage_image_battery2                    0x08006f8c   Data         312  gui.o(.constdata)
    gImage_image_battery1                    0x080070c4   Data         312  gui.o(.constdata)
    gImage_image_battery0                    0x080071fc   Data         312  gui.o(.constdata)
    gImage_icon_custom                       0x08007334   Data        4136  gui.o(.constdata)
    gImage_icon_custom_s                     0x0800835c   Data        4136  gui.o(.constdata)
    gImage_icon_a                            0x08009384   Data        3284  gui.o(.constdata)
    gImage_icon_a_s                          0x0800a058   Data        3284  gui.o(.constdata)
    gImage_icon_b                            0x0800ad2c   Data        3284  gui.o(.constdata)
    gImage_icon_b_s                          0x0800ba00   Data        3284  gui.o(.constdata)
    gImage_icon_c                            0x0800c6d4   Data        3284  gui.o(.constdata)
    gImage_icon_c_s                          0x0800d3a8   Data        3284  gui.o(.constdata)
    image_fes_logo                           0x0800e07c   Data       10568  gui.o(.constdata)
    image_fes_title                          0x080109c4   Data        4470  gui.o(.constdata)
    image_fes_ch_a                           0x08011b3a   Data        3412  gui.o(.constdata)
    image_fes_ch_a_s                         0x0801288e   Data        3412  gui.o(.constdata)
    image_fes_ch_b                           0x080135e2   Data        3412  gui.o(.constdata)
    image_fes_ch_b_s                         0x08014336   Data        3412  gui.o(.constdata)
    image_fes_a                              0x0801508a   Data        1408  gui.o(.constdata)
    image_fes_b                              0x0801560a   Data        1408  gui.o(.constdata)
    image_fes_upper                          0x08015b8a   Data        3976  gui.o(.constdata)
    image_fes_upper_s                        0x08016b12   Data        4040  gui.o(.constdata)
    image_fes_lower                          0x08017ada   Data        3976  gui.o(.constdata)
    image_fes_lower_s                        0x08018a62   Data        4040  gui.o(.constdata)
    image_fes_swallow                        0x08019a2a   Data        3976  gui.o(.constdata)
    image_fes_swallow_s                      0x0801a9b2   Data        4040  gui.o(.constdata)
    gImage_fes_combination                   0x0801b97a   Data        4298  gui.o(.constdata)
    gImage_fes_combination_s                 0x0801ca44   Data        4298  gui.o(.constdata)
    image_fes_custom                         0x0801db0e   Data        5712  gui.o(.constdata)
    image_fes_custom_s                       0x0801f15e   Data        5832  gui.o(.constdata)
    gImage_fes_stop                          0x08020826   Data        2672  gui.o(.constdata)
    gImage_fes_doing                         0x08021296   Data        2672  gui.o(.constdata)
    gImage_fes_training                      0x08021d06   Data       14742  gui.o(.constdata)
    image_fes_cha_title                      0x0802569c   Data         888  gui.o(.constdata)
    image_fes_chb_title                      0x08025a14   Data         888  gui.o(.constdata)
    image_fes_str                            0x08025d8c   Data        1648  gui.o(.constdata)
    image_treatment_time                     0x080263fc   Data       26412  gui.o(.constdata)
    image_fes_remaining_time                 0x0802cb28   Data       14048  gui.o(.constdata)
    image_fes_num_0                          0x08030208   Data        1110  gui.o(.constdata)
    image_fes_num_1                          0x0803065e   Data        1110  gui.o(.constdata)
    image_fes_num_2                          0x08030ab4   Data        1110  gui.o(.constdata)
    image_fes_num_3                          0x08030f0a   Data        1110  gui.o(.constdata)
    image_fes_num_4                          0x08031360   Data        1110  gui.o(.constdata)
    image_fes_num_5                          0x080317b6   Data        1110  gui.o(.constdata)
    image_fes_num_6                          0x08031c0c   Data        1110  gui.o(.constdata)
    image_fes_num_7                          0x08032062   Data        1110  gui.o(.constdata)
    image_fes_num_8                          0x080324b8   Data        1110  gui.o(.constdata)
    image_fes_num_9                          0x0803290e   Data        1110  gui.o(.constdata)
    image_fes_num_h_0                        0x08032d64   Data        1110  gui.o(.constdata)
    image_fes_num_h_1                        0x080331ba   Data        1110  gui.o(.constdata)
    image_fes_num_h_2                        0x08033610   Data        1110  gui.o(.constdata)
    image_fes_num_h_3                        0x08033a66   Data        1110  gui.o(.constdata)
    image_fes_num_h_4                        0x08033ebc   Data        1110  gui.o(.constdata)
    image_fes_num_h_5                        0x08034312   Data        1110  gui.o(.constdata)
    image_fes_num_h_6                        0x08034768   Data        1110  gui.o(.constdata)
    image_fes_num_h_7                        0x08034bbe   Data        1110  gui.o(.constdata)
    image_fes_num_h_8                        0x08035014   Data        1110  gui.o(.constdata)
    image_fes_num_h_9                        0x0803546a   Data        1110  gui.o(.constdata)
    image_fes_num_up                         0x080358c0   Data         424  gui.o(.constdata)
    image_fes_num_down                       0x08035a68   Data         424  gui.o(.constdata)
    Region$$Table$$Base                      0x08035c10   Number         0  anon$$obj.o(Region$$Table)
    Region$$Table$$Limit                     0x08035c30   Number         0  anon$$obj.o(Region$$Table)
    g_adcx                                   0x20000004   Data           4  adc.o(.data)
    g_adcx_battery                           0x20000008   Data           4  adc.o(.data)
    g_adcx_charging                          0x2000000c   Data           4  adc.o(.data)
    g_tim3_onoff_flag                        0x20000014   Data           1  tim.o(.data)
    ReviceState1                             0x2000001a   Data           1  usart.o(.data)
    USART1_RX_STA                            0x2000001c   Data           2  usart.o(.data)
    uwTickFreq                               0x20000020   Data           1  stm32f1xx_hal.o(.data)
    uwTickPrio                               0x20000024   Data           4  stm32f1xx_hal.o(.data)
    uwTick                                   0x20000028   Data           4  stm32f1xx_hal.o(.data)
    SystemCoreClock                          0x2000002c   Data           4  system_stm32f1xx.o(.data)
    g_version                                0x20000039   Data           2  app.o(.data)
    g_action                                 0x2000003b   Data           5  app.o(.data)
    g_device_id_default                      0x20000040   Data           6  app.o(.data)
    POINT_COLOR                              0x20000048   Data           4  lcd.o(.data)
    BACK_COLOR                               0x2000004c   Data           4  lcd.o(.data)
    POINT_COLOR_EX                           0x20000050   Data           4  lcd.o(.data)
    hadc1                                    0x20000054   Data          48  adc.o(.bss)
    hdac                                     0x20000084   Data          20  dac.o(.bss)
    hiwdg                                    0x20000098   Data          12  iwdg.o(.bss)
    htim2                                    0x200000a4   Data          72  tim.o(.bss)
    htim3                                    0x200000ec   Data          72  tim.o(.bss)
    htim4                                    0x20000134   Data          72  tim.o(.bss)
    htim5                                    0x2000017c   Data          72  tim.o(.bss)
    USART1_RX_BUF                            0x200001c4   Data         200  usart.o(.bss)
    huart4                                   0x2000028c   Data          68  usart.o(.bss)
    huart1                                   0x200002d0   Data          68  usart.o(.bss)
    huart3                                   0x20000314   Data          68  usart.o(.bss)
    g_data                                   0x20000358   Data          14  app.o(.bss)
    gui_fes_struct_para                      0x20000368   Data          44  gui.o(.bss)
    lcddev                                   0x20000394   Data          28  lcd.o(.bss)
    __initial_sp                             0x200007b0   Data           0  startup_stm32f103xe.o(STACK)



==============================================================================

Memory Map of the image

  Image Entry point : 0x08000131

  Load Region LR_IROM1 (Base: 0x08000000, Size: 0x00035c84, Max: 0x00080000, ABSOLUTE)

    Execution Region ER_IROM1 (Base: 0x08000000, Size: 0x00035c30, Max: 0x00080000, ABSOLUTE)

    Base Addr    Size         Type   Attr      Idx    E Section Name        Object

    0x08000000   0x00000130   Data   RO            3    RESET               startup_stm32f103xe.o
    0x08000130   0x00000000   Code   RO         4738  * .ARM.Collect$$$$00000000  mc_w.l(entry.o)
    0x08000130   0x00000004   Code   RO         4751    .ARM.Collect$$$$00000001  mc_w.l(entry2.o)
    0x08000134   0x00000004   Code   RO         4754    .ARM.Collect$$$$00000004  mc_w.l(entry5.o)
    0x08000138   0x00000000   Code   RO         4756    .ARM.Collect$$$$00000008  mc_w.l(entry7b.o)
    0x08000138   0x00000000   Code   RO         4758    .ARM.Collect$$$$0000000A  mc_w.l(entry8b.o)
    0x08000138   0x00000008   Code   RO         4759    .ARM.Collect$$$$0000000B  mc_w.l(entry9a.o)
    0x08000140   0x00000000   Code   RO         4761    .ARM.Collect$$$$0000000D  mc_w.l(entry10a.o)
    0x08000140   0x00000000   Code   RO         4763    .ARM.Collect$$$$0000000F  mc_w.l(entry11a.o)
    0x08000140   0x00000004   Code   RO         4752    .ARM.Collect$$$$00002712  mc_w.l(entry2.o)
    0x08000144   0x00000024   Code   RO            4    .text               startup_stm32f103xe.o
    0x08000168   0x00000020   Code   RO         4741    .text               mc_w.l(llushr.o)
    0x08000188   0x00000024   Code   RO         4743    .text               mc_w.l(memseta.o)
    0x080001ac   0x0000001a   Code   RO         4747    .text               mf_w.l(dfltui.o)
    0x080001c6   0x00000032   Code   RO         4749    .text               mf_w.l(dfixui.o)
    0x080001f8   0x00000000   Code   RO         4765    .text               mc_w.l(iusefp.o)
    0x080001f8   0x000000ba   Code   RO         4766    .text               mf_w.l(depilogue.o)
    0x080002b2   0x00000002   PAD
    0x080002b4   0x00000024   Code   RO         4768    .text               mc_w.l(init.o)
    0x080002d8   0x0000001e   Code   RO         4770    .text               mc_w.l(llshl.o)
    0x080002f6   0x00000002   PAD
    0x080002f8   0x00000056   Code   RO          871    i.ADC_ConversionStop_Disable  stm32f1xx_hal_adc.o
    0x0800034e   0x00000002   PAD
    0x08000350   0x0000007c   Code   RO          875    i.ADC_Enable        stm32f1xx_hal_adc.o
    0x080003cc   0x00000028   Code   RO          449    i.BC_Ch1_Pwm_Off    tim.o
    0x080003f4   0x00000020   Code   RO          450    i.BC_Ch1_Pwm_On     tim.o
    0x08000414   0x0000000c   Code   RO          451    i.BC_Ch1_Pwm_Onoff_Flag  tim.o
    0x08000420   0x00000020   Code   RO          452    i.BC_Ch2_Pwm_Off    tim.o
    0x08000440   0x0000001c   Code   RO          453    i.BC_Ch2_Pwm_On     tim.o
    0x0800045c   0x00000020   Code   RO          323    i.BC_DAC1_Set_Level  dac.o
    0x0800047c   0x00000010   Code   RO          324    i.BC_DAC1_Set_Val   dac.o
    0x0800048c   0x0000000c   Code   RO          325    i.BC_DAC1_Start     dac.o
    0x08000498   0x00000018   Code   RO          326    i.BC_DAC1_Stop      dac.o
    0x080004b0   0x0000000a   Code   RO          327    i.BC_DAC2_Set_Level  dac.o
    0x080004ba   0x00000002   PAD
    0x080004bc   0x00000020   Code   RO          328    i.BC_DAC2_Set_Val   dac.o
    0x080004dc   0x0000000c   Code   RO          329    i.BC_DAC2_Start     dac.o
    0x080004e8   0x0000000c   Code   RO          330    i.BC_DAC2_Stop      dac.o
    0x080004f4   0x000000a0   Code   RO         3761    i.BC_FES_cha_countdown_time  app.o
    0x08000594   0x00000080   Code   RO         3763    i.BC_FES_cha_parse_data  app.o
    0x08000614   0x00000028   Code   RO         3764    i.BC_FES_cha_restart_countdown_time  app.o
    0x0800063c   0x00000020   Code   RO         3765    i.BC_FES_cha_set_stimulation_time  app.o
    0x0800065c   0x00000030   Code   RO         3767    i.BC_FES_cha_swallow_set_para  app.o
    0x0800068c   0x00000034   Code   RO         3768    i.BC_FES_cha_upper_set_para  app.o
    0x080006c0   0x000000a0   Code   RO         3769    i.BC_FES_chb_countdown_time  app.o
    0x08000760   0x00000028   Code   RO         3772    i.BC_FES_chb_restart_countdown_time  app.o
    0x08000788   0x00000020   Code   RO         3773    i.BC_FES_chb_set_stimulation_time  app.o
    0x080007a8   0x00000030   Code   RO         3775    i.BC_FES_chb_swallow_set_para  app.o
    0x080007d8   0x00000034   Code   RO         3776    i.BC_FES_chb_upper_set_para  app.o
    0x0800080c   0x0000006c   Code   RO         3777    i.BC_FES_countdown_time  app.o
    0x08000878   0x000000d0   Code   RO         3779    i.BC_FES_gui_key_back_process  app.o
    0x08000948   0x00000110   Code   RO         3780    i.BC_FES_gui_key_down_process  app.o
    0x08000a58   0x0000020c   Code   RO         3781    i.BC_FES_gui_key_ok_process  app.o
    0x08000c64   0x00000110   Code   RO         3782    i.BC_FES_gui_key_up_process  app.o
    0x08000d74   0x00000038   Code   RO         3783    i.BC_FES_key_back_cha_stimulate  app.o
    0x08000dac   0x00000024   Code   RO         3784    i.BC_FES_key_back_chb_stimulate  app.o
    0x08000dd0   0x00000050   Code   RO         3785    i.BC_FES_key_down_channel_a_stimulate  app.o
    0x08000e20   0x00000050   Code   RO         3786    i.BC_FES_key_down_channel_b_stimulate  app.o
    0x08000e70   0x00000034   Code   RO         3788    i.BC_FES_key_ok_stimulate_cha_entery_screen  app.o
    0x08000ea4   0x00000040   Code   RO         3789    i.BC_FES_key_ok_stimulate_chb_entery_screen  app.o
    0x08000ee4   0x00000050   Code   RO         3790    i.BC_FES_key_up_channel_a_stimulate  app.o
    0x08000f34   0x00000050   Code   RO         3791    i.BC_FES_key_up_channel_b_stimulate  app.o
    0x08000f84   0x00000034   Code   RO         3792    i.BC_FES_parse_data  app.o
    0x08000fb8   0x00000010   Code   RO         3793    i.BC_FES_pc_connect_after_process  app.o
    0x08000fc8   0x0000000c   Code   RO         3794    i.BC_FES_stimu_combina  app.o
    0x08000fd4   0x0000000c   Code   RO          454    i.BC_Fes_Ch_Timer_Off  tim.o
    0x08000fe0   0x0000000c   Code   RO          455    i.BC_Fes_Ch_Timer_On  tim.o
    0x08000fec   0x0000005c   Code   RO          458    i.BC_Timer3_Ch1_Pwm_Process  tim.o
    0x08001048   0x0000006c   Code   RO          461    i.BC_Timer4_Ch2_Pwm_Process  tim.o
    0x080010b4   0x00000040   Code   RO         3795    i.BC_VNS_USART1_DATA_PROCESS  app.o
    0x080010f4   0x0000007c   Code   RO         3796    i.BC_VNS_parse_rx_data  app.o
    0x08001170   0x00000078   Code   RO         3797    i.BC_VNS_water_led_init  app.o
    0x080011e8   0x00000094   Code   RO         3799    i.BC_check_response_data  app.o
    0x0800127c   0x0000004c   Code   RO         3800    i.BC_continuous_action  app.o
    0x080012c8   0x00000034   Code   RO         3801    i.BC_continuous_action_pwm_dac  app.o
    0x080012fc   0x00000038   Code   RO         3802    i.BC_continuous_action_pwm_dac_half  app.o
    0x08001334   0x00000004   Code   RO         3803    i.BC_countdown_time  app.o
    0x08001338   0x00000034   Code   RO         3804    i.BC_crc_cal_value  app.o
    0x0800136c   0x00000028   Code   RO         3805    i.BC_detecting_battery_voltage  app.o
    0x08001394   0x00000022   Code   RO         3806    i.BC_device_init_check_voltage  app.o
    0x080013b6   0x00000002   PAD
    0x080013b8   0x0000008c   Code   RO         3811    i.BC_long_key_power_off  app.o
    0x08001444   0x00000060   Code   RO         3812    i.BC_mcu_init       app.o
    0x080014a4   0x00000048   Code   RO         3813    i.BC_para_init      app.o
    0x080014ec   0x00000028   Code   RO         3814    i.BC_play_audio_1   app.o
    0x08001514   0x00000028   Code   RO         3815    i.BC_play_audio_2   app.o
    0x0800153c   0x00000028   Code   RO         3816    i.BC_play_audio_3   app.o
    0x08001564   0x00000028   Code   RO         3817    i.BC_play_audio_4   app.o
    0x0800158c   0x00000064   Code   RO         3818    i.BC_response_data  app.o
    0x080015f0   0x00000068   Code   RO         3819    i.BC_send_hr_cycle  app.o
    0x08001658   0x00000004   Code   RO         3820    i.BC_task           app.o
    0x0800165c   0x00000002   Code   RO          687    i.BusFault_Handler  stm32f1xx_it.o
    0x0800165e   0x00000002   Code   RO          688    i.DebugMon_Handler  stm32f1xx_it.o
    0x08001660   0x00000026   Code   RO          689    i.EXTI15_10_IRQHandler  stm32f1xx_it.o
    0x08001686   0x00000006   Code   RO          690    i.EXTI9_5_IRQHandler  stm32f1xx_it.o
    0x0800168c   0x00000004   Code   RO           13    i.Error_Handler     main.o
    0x08001690   0x00000018   Code   RO         4177    i.GUI_Display_Clear_No_Icon  gui.o
    0x080016a8   0x0000003c   Code   RO         4178    i.GUI_Display_Countdown_Time  gui.o
    0x080016e4   0x0000003c   Code   RO         4179    i.GUI_Display_Countdown_Time_Ex  gui.o
    0x08001720   0x00000020   Code   RO         4180    i.GUI_Display_Logo_Picture  gui.o
    0x08001740   0x000000d4   Code   RO         4181    i.GUI_Display_Num   gui.o
    0x08001814   0x00000004   Code   RO         4184    i.GUI_Display_Ui_Battery_Level_Icon  gui.o
    0x08001818   0x00000050   Code   RO         4187    i.GUI_Display_Ui_Main_Back  gui.o
    0x08001868   0x00000024   Code   RO         4188    i.GUI_Display_Ui_Main_Menu  gui.o
    0x0800188c   0x000000b4   Code   RO         4194    i.GUI_DrawImageNum_Ex  gui.o
    0x08001940   0x00000012   Code   RO         4195    i.GUI_DrawPoint     gui.o
    0x08001952   0x00000002   PAD
    0x08001954   0x00000048   Code   RO         4196    i.GUI_FES_Display_Ui_Battery_Level_Icon  gui.o
    0x0800199c   0x000000e4   Code   RO         4198    i.GUI_FES_Display_Ui_Main_Ch_Mode_Back  gui.o
    0x08001a80   0x00000030   Code   RO         4200    i.GUI_FES_Display_Ui_Main_Ch_Stimulate_Switch  gui.o
    0x08001ab0   0x000000cc   Code   RO         4202    i.GUI_FES_Display_Ui_Main_Cha_Chb_Stimulate_Select  gui.o
    0x08001b7c   0x00000084   Code   RO         4203    i.GUI_FES_Display_Ui_Main_Cha_Stimulate_Background  gui.o
    0x08001c00   0x00000084   Code   RO         4204    i.GUI_FES_Display_Ui_Main_Chb_Stimulate_Background  gui.o
    0x08001c84   0x00000054   Code   RO         4205    i.GUI_FES_Display_Ui_Main_Menu_Ch_Selec  gui.o
    0x08001cd8   0x00000088   Code   RO         4207    i.GUI_FES_Display_Ui_Main_Mode_Background_Swith  gui.o
    0x08001d60   0x00000034   Code   RO         4209    i.GUI_FES_Display_Ui_Mode_Selec_Switch  gui.o
    0x08001d94   0x00000024   Code   RO         4210    i.GUI_FES_Display_Ui_Stimu_Combina  gui.o
    0x08001db8   0x00000048   Code   RO         4211    i.GUI_FES_Display_Ui_Stimu_Combina_Main  gui.o
    0x08001e00   0x00000090   Code   RO         4212    i.GUI_FES_Display_Ui_Stimu_Time  gui.o
    0x08001e90   0x00000012   Code   RO         4213    i.GUI_FES_DrawImageNum_Adjust  gui.o
    0x08001ea2   0x00000012   Code   RO         4214    i.GUI_FES_DrawImageNum_Adjust_Ex  gui.o
    0x08001eb4   0x00000012   Code   RO         4215    i.GUI_FES_DrawImageNum_Adjust_Two_Cha  gui.o
    0x08001ec6   0x00000012   Code   RO         4216    i.GUI_FES_DrawImageNum_Adjust_Two_Chb  gui.o
    0x08001ed8   0x00000038   Code   RO          216    i.Get_Adc           adc.o
    0x08001f10   0x00000030   Code   RO          217    i.Get_Adc_Average   adc.o
    0x08001f40   0x0000002c   Code   RO          219    i.Get_Adc_Battery_Level_Status  adc.o
    0x08001f6c   0x00000034   Code   RO          220    i.Get_Adc_Battery_Poweroff_Status  adc.o
    0x08001fa0   0x00000014   Code   RO          221    i.Get_Adc_Battery_Val  adc.o
    0x08001fb4   0x00000014   Code   RO          224    i.Get_Adc_Electrode_Connect_Status  adc.o
    0x08001fc8   0x0000004c   Code   RO         4217    i.Gui_DrawImage     gui.o
    0x08002014   0x00000096   Code   RO         4218    i.Gui_DrawLine      gui.o
    0x080020aa   0x00000002   PAD
    0x080020ac   0x00000040   Code   RO         4220    i.Gui_Drawbmp16X    gui.o
    0x080020ec   0x000000fc   Code   RO          877    i.HAL_ADC_ConfigChannel  stm32f1xx_hal_adc.o
    0x080021e8   0x00000006   Code   RO          884    i.HAL_ADC_GetValue  stm32f1xx_hal_adc.o
    0x080021ee   0x00000002   PAD
    0x080021f0   0x00000120   Code   RO          886    i.HAL_ADC_Init      stm32f1xx_hal_adc.o
    0x08002310   0x0000007c   Code   RO          227    i.HAL_ADC_MspInit   adc.o
    0x0800238c   0x0000013c   Code   RO          890    i.HAL_ADC_PollForConversion  stm32f1xx_hal_adc.o
    0x080024c8   0x000000c0   Code   RO          892    i.HAL_ADC_Start     stm32f1xx_hal_adc.o
    0x08002588   0x00000034   Code   RO          895    i.HAL_ADC_Stop      stm32f1xx_hal_adc.o
    0x080025bc   0x00000046   Code   RO         2125    i.HAL_DAC_ConfigChannel  stm32f1xx_hal_dac.o
    0x08002602   0x00000028   Code   RO         2135    i.HAL_DAC_Init      stm32f1xx_hal_dac.o
    0x0800262a   0x00000002   PAD
    0x0800262c   0x00000058   Code   RO          332    i.HAL_DAC_MspInit   dac.o
    0x08002684   0x0000001a   Code   RO         2138    i.HAL_DAC_SetValue  stm32f1xx_hal_dac.o
    0x0800269e   0x0000005c   Code   RO         2139    i.HAL_DAC_Start     stm32f1xx_hal_dac.o
    0x080026fa   0x0000001a   Code   RO         2141    i.HAL_DAC_Stop      stm32f1xx_hal_dac.o
    0x08002714   0x00000046   Code   RO         1526    i.HAL_DMA_Abort     stm32f1xx_hal_dma.o
    0x0800275a   0x00000002   PAD
    0x0800275c   0x00000130   Code   RO         1527    i.HAL_DMA_Abort_IT  stm32f1xx_hal_dma.o
    0x0800288c   0x00000024   Code   RO         1154    i.HAL_Delay         stm32f1xx_hal.o
    0x080028b0   0x000000a4   Code   RO         3822    i.HAL_GPIO_EXTI_Callback  app.o
    0x08002954   0x00000018   Code   RO         1461    i.HAL_GPIO_EXTI_IRQHandler  stm32f1xx_hal_gpio.o
    0x0800296c   0x000001f8   Code   RO         1462    i.HAL_GPIO_Init     stm32f1xx_hal_gpio.o
    0x08002b64   0x00000038   Code   RO          186    i.HAL_GPIO_REMAP_CONFIG  gpio.o
    0x08002b9c   0x0000000a   Code   RO         1464    i.HAL_GPIO_ReadPin  stm32f1xx_hal_gpio.o
    0x08002ba6   0x0000000a   Code   RO         1466    i.HAL_GPIO_WritePin  stm32f1xx_hal_gpio.o
    0x08002bb0   0x0000000c   Code   RO         1158    i.HAL_GetTick       stm32f1xx_hal.o
    0x08002bbc   0x0000005a   Code   RO         2362    i.HAL_IWDG_Init     stm32f1xx_hal_iwdg.o
    0x08002c16   0x0000000c   Code   RO         2363    i.HAL_IWDG_Refresh  stm32f1xx_hal_iwdg.o
    0x08002c22   0x00000002   PAD
    0x08002c24   0x00000010   Code   RO         1164    i.HAL_IncTick       stm32f1xx_hal.o
    0x08002c34   0x00000024   Code   RO         1165    i.HAL_Init          stm32f1xx_hal.o
    0x08002c58   0x00000040   Code   RO         1166    i.HAL_InitTick      stm32f1xx_hal.o
    0x08002c98   0x0000002c   Code   RO          811    i.HAL_MspInit       stm32f1xx_hal_msp.o
    0x08002cc4   0x0000001a   Code   RO         1622    i.HAL_NVIC_EnableIRQ  stm32f1xx_hal_cortex.o
    0x08002cde   0x00000002   PAD
    0x08002ce0   0x00000040   Code   RO         1628    i.HAL_NVIC_SetPriority  stm32f1xx_hal_cortex.o
    0x08002d20   0x00000024   Code   RO         1629    i.HAL_NVIC_SetPriorityGrouping  stm32f1xx_hal_cortex.o
    0x08002d44   0x000000d8   Code   RO         1424    i.HAL_RCCEx_GetPeriphCLKFreq  stm32f1xx_hal_rcc_ex.o
    0x08002e1c   0x000000ec   Code   RO         1425    i.HAL_RCCEx_PeriphCLKConfig  stm32f1xx_hal_rcc_ex.o
    0x08002f08   0x0000012c   Code   RO         1322    i.HAL_RCC_ClockConfig  stm32f1xx_hal_rcc.o
    0x08003034   0x00000020   Code   RO         1329    i.HAL_RCC_GetPCLK1Freq  stm32f1xx_hal_rcc.o
    0x08003054   0x00000020   Code   RO         1330    i.HAL_RCC_GetPCLK2Freq  stm32f1xx_hal_rcc.o
    0x08003074   0x00000074   Code   RO         1331    i.HAL_RCC_GetSysClockFreq  stm32f1xx_hal_rcc.o
    0x080030e8   0x00000320   Code   RO         1334    i.HAL_RCC_OscConfig  stm32f1xx_hal_rcc.o
    0x08003408   0x00000028   Code   RO         1633    i.HAL_SYSTICK_Config  stm32f1xx_hal_cortex.o
    0x08003430   0x00000002   Code   RO         3098    i.HAL_TIMEx_BreakCallback  stm32f1xx_hal_tim_ex.o
    0x08003432   0x00000002   Code   RO         3099    i.HAL_TIMEx_CommutCallback  stm32f1xx_hal_tim_ex.o
    0x08003434   0x0000007c   Code   RO         3117    i.HAL_TIMEx_MasterConfigSynchronization  stm32f1xx_hal_tim_ex.o
    0x080034b0   0x0000005a   Code   RO         2394    i.HAL_TIM_Base_Init  stm32f1xx_hal_tim.o
    0x0800350a   0x00000002   PAD
    0x0800350c   0x000000b0   Code   RO          467    i.HAL_TIM_Base_MspInit  tim.o
    0x080035bc   0x0000006c   Code   RO         2399    i.HAL_TIM_Base_Start_IT  stm32f1xx_hal_tim.o
    0x08003628   0x00000030   Code   RO         2402    i.HAL_TIM_Base_Stop_IT  stm32f1xx_hal_tim.o
    0x08003658   0x000000d6   Code   RO         2403    i.HAL_TIM_ConfigClockSource  stm32f1xx_hal_tim.o
    0x0800372e   0x00000002   Code   RO         2428    i.HAL_TIM_IC_CaptureCallback  stm32f1xx_hal_tim.o
    0x08003730   0x00000166   Code   RO         2442    i.HAL_TIM_IRQHandler  stm32f1xx_hal_tim.o
    0x08003896   0x00000002   Code   RO         2445    i.HAL_TIM_OC_DelayElapsedCallback  stm32f1xx_hal_tim.o
    0x08003898   0x00000002   Code   RO         2472    i.HAL_TIM_PWM_PulseFinishedCallback  stm32f1xx_hal_tim.o
    0x0800389a   0x00000002   PAD
    0x0800389c   0x00000044   Code   RO          468    i.HAL_TIM_PeriodElapsedCallback  tim.o
    0x080038e0   0x00000002   Code   RO         2485    i.HAL_TIM_TriggerCallback  stm32f1xx_hal_tim.o
    0x080038e2   0x00000002   Code   RO         3376    i.HAL_UARTEx_RxEventCallback  stm32f1xx_hal_uart.o
    0x080038e4   0x00000002   Code   RO         3390    i.HAL_UART_ErrorCallback  stm32f1xx_hal_uart.o
    0x080038e6   0x00000002   PAD
    0x080038e8   0x0000020c   Code   RO         3393    i.HAL_UART_IRQHandler  stm32f1xx_hal_uart.o
    0x08003af4   0x00000062   Code   RO         3394    i.HAL_UART_Init     stm32f1xx_hal_uart.o
    0x08003b56   0x00000002   PAD
    0x08003b58   0x00000128   Code   RO          627    i.HAL_UART_MspInit  usart.o
    0x08003c80   0x00000002   Code   RO         3400    i.HAL_UART_RxCpltCallback  stm32f1xx_hal_uart.o
    0x08003c82   0x00000002   PAD
    0x08003c84   0x000000b2   Code   RO         3402    i.HAL_UART_Transmit  stm32f1xx_hal_uart.o
    0x08003d36   0x00000002   Code   RO         3405    i.HAL_UART_TxCpltCallback  stm32f1xx_hal_uart.o
    0x08003d38   0x00000050   Code   RO          628    i.HAL_USART1_IRQHandler_Callback  usart.o
    0x08003d88   0x00000002   Code   RO          691    i.HardFault_Handler  stm32f1xx_it.o
    0x08003d8a   0x00000002   PAD
    0x08003d8c   0x0000000c   Code   RO          411    i.IWDG_Feed         iwdg.o
    0x08003d98   0x00000090   Code   RO         4613    i.LCD_Clear         lcd.o
    0x08003e28   0x00000094   Code   RO         4614    i.LCD_Clear_Fill    lcd.o
    0x08003ebc   0x00000058   Code   RO         4615    i.LCD_DrawPoint     lcd.o
    0x08003f14   0x00000048   Code   RO         4616    i.LCD_DrawPoint_16Bit  lcd.o
    0x08003f5c   0x00000d8c   Code   RO         4617    i.LCD_Init          lcd.o
    0x08004ce8   0x0000003c   Code   RO         4618    i.LCD_RESET         lcd.o
    0x08004d24   0x00000108   Code   RO         4620    i.LCD_SetCursor     lcd.o
    0x08004e2c   0x00000024   Code   RO         4621    i.LCD_SetParam      lcd.o
    0x08004e50   0x000001f0   Code   RO         4622    i.LCD_SetWindows    lcd.o
    0x08005040   0x000000f8   Code   RO         4226    i.LCD_ShowChar      gui.o
    0x08005138   0x00000094   Code   RO         4230    i.LCD_ShowNum_Time  gui.o
    0x080051cc   0x00000094   Code   RO         4231    i.LCD_ShowNum_Time_Ex  gui.o
    0x08005260   0x0000005c   Code   RO         4232    i.LCD_ShowString    gui.o
    0x080052bc   0x00000048   Code   RO         4623    i.LCD_WR_REG        lcd.o
    0x08005304   0x0000000c   Code   RO         4624    i.LCD_WriteRAM_Prepare  lcd.o
    0x08005310   0x00000050   Code   RO          228    i.MX_ADC1_Init      adc.o
    0x08005360   0x0000004c   Code   RO          333    i.MX_DAC_Init       dac.o
    0x080053ac   0x00000188   Code   RO          187    i.MX_GPIO_Init      gpio.o
    0x08005534   0x0000002c   Code   RO          412    i.MX_IWDG_Init      iwdg.o
    0x08005560   0x0000006c   Code   RO          469    i.MX_TIM2_Init      tim.o
    0x080055cc   0x00000068   Code   RO          470    i.MX_TIM3_Init      tim.o
    0x08005634   0x00000068   Code   RO          472    i.MX_TIM5_Init      tim.o
    0x0800569c   0x00000038   Code   RO          629    i.MX_UART4_Init     usart.o
    0x080056d4   0x00000048   Code   RO          630    i.MX_USART1_UART_Init  usart.o
    0x0800571c   0x00000002   Code   RO          692    i.MemManage_Handler  stm32f1xx_it.o
    0x0800571e   0x00000002   Code   RO          693    i.NMI_Handler       stm32f1xx_it.o
    0x08005720   0x00000002   Code   RO          694    i.PendSV_Handler    stm32f1xx_it.o
    0x08005722   0x00000002   Code   RO          695    i.SVC_Handler       stm32f1xx_it.o
    0x08005724   0x00000004   Code   RO          696    i.SysTick_Handler   stm32f1xx_it.o
    0x08005728   0x00000082   Code   RO           14    i.SystemClock_Config  main.o
    0x080057aa   0x00000002   Code   RO         3723    i.SystemInit        system_stm32f1xx.o
    0x080057ac   0x0000000c   Code   RO          697    i.TIM2_IRQHandler   stm32f1xx_it.o
    0x080057b8   0x0000000c   Code   RO          698    i.TIM3_IRQHandler   stm32f1xx_it.o
    0x080057c4   0x0000000c   Code   RO          699    i.TIM4_IRQHandler   stm32f1xx_it.o
    0x080057d0   0x0000000c   Code   RO          700    i.TIM5_IRQHandler   stm32f1xx_it.o
    0x080057dc   0x0000008c   Code   RO         2487    i.TIM_Base_SetConfig  stm32f1xx_hal_tim.o
    0x08005868   0x00000014   Code   RO         2498    i.TIM_ETR_SetConfig  stm32f1xx_hal_tim.o
    0x0800587c   0x00000010   Code   RO         2499    i.TIM_ITRx_SetConfig  stm32f1xx_hal_tim.o
    0x0800588c   0x00000022   Code   RO         2505    i.TIM_TI1_ConfigInputStage  stm32f1xx_hal_tim.o
    0x080058ae   0x00000024   Code   RO         2507    i.TIM_TI2_ConfigInputStage  stm32f1xx_hal_tim.o
    0x080058d2   0x00000002   PAD
    0x080058d4   0x0000000c   Code   RO          701    i.UART4_IRQHandler  stm32f1xx_it.o
    0x080058e0   0x00000010   Code   RO         3407    i.UART_DMAAbortOnError  stm32f1xx_hal_uart.o
    0x080058f0   0x00000030   Code   RO         3417    i.UART_EndRxTransfer  stm32f1xx_hal_uart.o
    0x08005920   0x000000b6   Code   RO         3419    i.UART_Receive_IT   stm32f1xx_hal_uart.o
    0x080059d6   0x00000002   PAD
    0x080059d8   0x000000b8   Code   RO         3420    i.UART_SetConfig    stm32f1xx_hal_uart.o
    0x08005a90   0x00000064   Code   RO         3423    i.UART_WaitOnFlagUntilTimeout  stm32f1xx_hal_uart.o
    0x08005af4   0x00000014   Code   RO          702    i.USART1_IRQHandler  stm32f1xx_it.o
    0x08005b08   0x00000002   Code   RO          703    i.UsageFault_Handler  stm32f1xx_it.o
    0x08005b0a   0x00000020   Code   RO         1635    i.__NVIC_SetPriority  stm32f1xx_hal_cortex.o
    0x08005b2a   0x0000000e   Code   RO         4774    i.__scatterload_copy  mc_w.l(handlers.o)
    0x08005b38   0x00000002   Code   RO         4775    i.__scatterload_null  mc_w.l(handlers.o)
    0x08005b3a   0x0000000e   Code   RO         4776    i.__scatterload_zeroinit  mc_w.l(handlers.o)
    0x08005b48   0x00000012   Code   RO           15    i.main              main.o
    0x08005b5a   0x00000010   Code   RO         4237    i.mypow             gui.o
    0x08005b6a   0x00000010   Data   RO         3724    .constdata          system_stm32f1xx.o
    0x08005b7a   0x00000008   Data   RO         3725    .constdata          system_stm32f1xx.o
    0x08005b82   0x0003008e   Data   RO         4240    .constdata          gui.o
    0x08035c10   0x00000020   Data   RO         4772    Region$$Table       anon$$obj.o


    Execution Region RW_IRAM1 (Base: 0x20000000, Size: 0x000007b0, Max: 0x00010000, ABSOLUTE)

    Base Addr    Size         Type   Attr      Idx    E Section Name        Object

    0x20000000   0x00000014   Data   RW          230    .data               adc.o
    0x20000014   0x00000006   Data   RW          474    .data               tim.o
    0x2000001a   0x00000004   Data   RW          633    .data               usart.o
    0x2000001e   0x00000002   PAD
    0x20000020   0x0000000c   Data   RW         1172    .data               stm32f1xx_hal.o
    0x2000002c   0x00000004   Data   RW         3726    .data               system_stm32f1xx.o
    0x20000030   0x00000016   Data   RW         3826    .data               app.o
    0x20000046   0x00000002   PAD
    0x20000048   0x00000004   Data   RW         4627    .data               lcd.o
    0x2000004c   0x00000004   Data   RW         4628    .data               lcd.o
    0x20000050   0x00000004   Data   RW         4629    .data               lcd.o
    0x20000054   0x00000030   Zero   RW          229    .bss                adc.o
    0x20000084   0x00000014   Zero   RW          334    .bss                dac.o
    0x20000098   0x0000000c   Zero   RW          413    .bss                iwdg.o
    0x200000a4   0x00000120   Zero   RW          473    .bss                tim.o
    0x200001c4   0x00000194   Zero   RW          632    .bss                usart.o
    0x20000358   0x0000000e   Zero   RW         3824    .bss                app.o
    0x20000366   0x00000002   PAD
    0x20000368   0x0000002c   Zero   RW         4238    .bss                gui.o
    0x20000394   0x0000001c   Zero   RW         4626    .bss                lcd.o
    0x200003b0   0x00000400   Zero   RW            1    STACK               startup_stm32f103xe.o


==============================================================================

Image component sizes


      Code (inc. data)   RO Data    RW Data    ZI Data      Debug   Object Name

       444         60          0         20         48       5553   adc.o
      4394        426          0         22         14      33705   app.o
       314         52          0          0         20       5273   dac.o
       448         38          0          0          0       1643   gpio.o
      3060        386     196750          0         44      32800   gui.o
        56         14          0          0         12       1087   iwdg.o
      4860         96          0         12         28      10938   lcd.o
       152          0          0          0          0     506584   main.o
        36          8        304          0       1024        796   startup_stm32f103xe.o
       164         28          0         12          0       6453   stm32f1xx_hal.o
      1316         58          0          0          0       7219   stm32f1xx_hal_adc.o
       198         14          0          0          0      28899   stm32f1xx_hal_cortex.o
       254          0          0          0          0       3905   stm32f1xx_hal_dac.o
       374          8          0          0          0       1811   stm32f1xx_hal_dma.o
       548         48          0          0          0       4090   stm32f1xx_hal_gpio.o
       102          0          0          0          0       1815   stm32f1xx_hal_iwdg.o
        44          6          0          0          0        818   stm32f1xx_hal_msp.o
      1280        102          0          0          0       5176   stm32f1xx_hal_rcc.o
       452         50          0          0          0       2545   stm32f1xx_hal_rcc_ex.o
      1072         40          0          0          0      10148   stm32f1xx_hal_tim.o
       128         20          0          0          0       2341   stm32f1xx_hal_tim_ex.o
      1338         10          0          0          0       9584   stm32f1xx_hal_uart.o
       144         34          0          0          0       7309   stm32f1xx_it.o
         2          0         24          4          0       1095   system_stm32f1xx.o
       928        152          0          6        288       8473   tim.o
       504         56          0          4        404       3134   usart.o

    ----------------------------------------------------------------------
     22648       1706     197110         84       1884     703194   Object Totals
         0          0         32          0          0          0   (incl. Generated)
        36          0          0          4          2          0   (incl. Padding)

    ----------------------------------------------------------------------

      Code (inc. data)   RO Data    RW Data    ZI Data      Debug   Library Member Name

         0          0          0          0          0          0   entry.o
         0          0          0          0          0          0   entry10a.o
         0          0          0          0          0          0   entry11a.o
         8          4          0          0          0          0   entry2.o
         4          0          0          0          0          0   entry5.o
         0          0          0          0          0          0   entry7b.o
         0          0          0          0          0          0   entry8b.o
         8          4          0          0          0          0   entry9a.o
        30          0          0          0          0          0   handlers.o
        36          8          0          0          0         68   init.o
         0          0          0          0          0          0   iusefp.o
        30          0          0          0          0         68   llshl.o
        32          0          0          0          0         68   llushr.o
        36          0          0          0          0        108   memseta.o
       186          0          0          0          0        176   depilogue.o
        50          0          0          0          0         76   dfixui.o
        26          0          0          0          0         76   dfltui.o

    ----------------------------------------------------------------------
       450         16          0          0          0        640   Library Totals
         4          0          0          0          0          0   (incl. Padding)

    ----------------------------------------------------------------------

      Code (inc. data)   RO Data    RW Data    ZI Data      Debug   Library Name

       184         16          0          0          0        312   mc_w.l
       262          0          0          0          0        328   mf_w.l

    ----------------------------------------------------------------------
       450         16          0          0          0        640   Library Totals

    ----------------------------------------------------------------------

==============================================================================


      Code (inc. data)   RO Data    RW Data    ZI Data      Debug   

     23098       1722     197110         84       1884     692390   Grand Totals
     23098       1722     197110         84       1884     692390   ELF Image Totals
     23098       1722     197110         84          0          0   ROM Totals

==============================================================================

    Total RO  Size (Code + RO Data)               220208 ( 215.05kB)
    Total RW  Size (RW Data + ZI Data)              1968 (   1.92kB)
    Total ROM Size (Code + RO Data + RW Data)     220292 ( 215.13kB)

==============================================================================

