<html>
<body>
<pre>
<h1>µVision Build Log</h1>
<h2>Tool Versions:</h2>
IDE-Version: ¦ÌVision V5.22.0.0
Copyright (C) 2016 ARM Ltd and ARM Germany GmbH. All rights reserved.
License Information: zju Lenovo, zju, LIC=FYKYW-QXYGH-RASDM-XXSSY-S94MT-9NG3M
 
Tool Versions:
Toolchain:       MDK-ARM Plus  Version: 5.22
Toolchain Path:  D:\Keil_v5\ARM\ARMCC\Bin
C Compiler:      Armcc.exe V5.06 update 4 (build 422)
Assembler:       Armasm.exe V5.06 update 4 (build 422)
Linker/Locator:  ArmLink.exe V5.06 update 4 (build 422)
Library Manager: ArmAr.exe V5.06 update 4 (build 422)
Hex Converter:   FromElf.exe V5.06 update 4 (build 422)
CPU DLL:         SARMCM3.DLL V5.22
Dialog DLL:      DCM.DLL V1.13.9.0
Target DLL:      UL2CM3.DLL V1.159.0.0
Dialog DLL:      TCM.DLL V1.21.0.0
 
<h2>Project:</h2>
C:\Users\Lenovo\Desktop\fes_vns_project-main\MDK-ARM\VNS_F103VE_Project.uvprojx
Project File Date:  03/15/2023

<h2>Output:</h2>
*** Using Compiler 'V5.06 update 4 (build 422)', folder: 'D:\Keil_v5\ARM\ARMCC\Bin'
Rebuild target 'VNS_F103VE_Project'
assembling startup_stm32f103xe.s...
compiling stm32f1xx_hal_gpio_ex.c...
compiling stm32f1xx_hal.c...
compiling dac.c...
compiling usart.c...
compiling stm32f1xx_hal_adc.c...
compiling gpio.c...
compiling stm32f1xx_hal_rcc_ex.c...
compiling stm32f1xx_hal_msp.c...
compiling stm32f1xx_it.c...
compiling main.c...
compiling tim.c...
compiling iwdg.c...
compiling stm32f1xx_hal_adc_ex.c...
compiling stm32f1xx_hal_rcc.c...
compiling adc.c...
compiling stm32f1xx_hal_cortex.c...
compiling stm32f1xx_hal_tim_ex.c...
compiling stm32f1xx_hal_dac_ex.c...
compiling stm32f1xx_hal_flash.c...
compiling app.c...
..\User\Src\app.c(1298): warning:  #186-D: pointless comparison of unsigned integer with zero
  		if((
ES_STRENGTH_MAX > gui_fes_struct_para.cha_current_strength) && (
ES_STRENGTH_MIN <= gui_fes_struct_para.cha_current_strength))
..\User\Src\app.c(1377): warning:  #186-D: pointless comparison of unsigned integer with zero
  		if((
ES_STRENGTH_MAX > gui_fes_struct_para.chb_current_strength) && (
ES_STRENGTH_MIN <= gui_fes_struct_para.chb_current_strength))
..\User\Src\app.c(2058): warning:  #186-D: pointless comparison of unsigned integer with zero
  			         (
ES_STRENGTH_MIN <= gui_fes_struct_para.cha_current_strength))
..\User\Src\app.c(2075): warning:  #186-D: pointless comparison of unsigned integer with zero
  			         (
ES_STRENGTH_MIN <= gui_fes_struct_para.chb_current_strength))
..\User\Src\app.c(2239): warning:  #177-D: variable "period"  was declared but never referenced
  		uint32_t period = 0;
..\User\Src\app.c(2240): warning:  #177-D: variable "us_val"  was declared but never referenced
  		uint16_t us_val = 0;
..\User\Src\app.c(2241): warning:  #177-D: variable "hz_val"  was declared but never referenced
  		uint8_t  hz_val = 0;
..\User\Src\app.c(2341): warning:  #177-D: variable "period"  was declared but never referenced
  		uint32_t period = 0;
..\User\Src\app.c(2342): warning:  #177-D: variable "us_val"  was declared but never referenced
  		uint16_t us_val = 0;
..\User\Src\app.c(2343): warning:  #177-D: variable "hz_val"  was declared but never referenced
  		uint8_t  hz_val = 0;
..\User\Src\app.c(2450): warning:  #177-D: variable "pwm2_switch_flag"  was declared but never referenced
  		static uint8_t pwm2_switch_flag = 1; 
..\User\Src\app.c: 11 warnings, 0 errors
compiling sys.c...
compiling system_stm32f1xx.c...
compiling stm32f1xx_hal_iwdg.c...
compiling stm32f1xx_hal_uart.c...
compiling stm32f1xx_hal_gpio.c...
compiling stm32f1xx_hal_pwr.c...
compiling stm32f1xx_hal_dac.c...
compiling stm32f1xx_hal_flash_ex.c...
compiling stm32f1xx_hal_exti.c...
compiling stm32f1xx_hal_dma.c...
compiling stm32f1xx_hal_tim.c...
compiling lcd.c...
compiling GUI.c...
linking...
Program Size: Code=23098 RO-data=197110 RW-data=84 ZI-data=1884  
FromELF: creating hex file...
After Build - User command #1: fromelf.exe --bin -o "VNS_F103VE_Project\BC_FES_1_4.bin" "VNS_F103VE_Project\BC_FES_1_4.axf"
"VNS_F103VE_Project\BC_FES_1_4.axf" - 0 Error(s), 11 Warning(s).

<h2>Software Packages used:</h2>

Package Vendor: ARM
                http://www.keil.com/pack/ARM.CMSIS.5.0.0.pack
                ARM::CMSIS:CORE:5.0.0
                CMSIS (Cortex Microcontroller Software Interface Standard)
   * Component: CORE Version: 5.0.0

<h2>Collection of Component include folders:</h2>
  C:\Users\Lenovo\Desktop\fes_vns_project-main\MDK-ARM\RTE\_VNS_F103VE_Project
  D:\Keil_v5\ARM\PACK\ARM\CMSIS\5.0.0\CMSIS\Include
  D:\Keil_v5\ARM\PACK\Keil\STM32F1xx_DFP\2.4.0\Device\Include

<h2>Collection of Component Files used:</h2>

   * Component: ARM::CMSIS:CORE:5.0.0
Build Time Elapsed:  00:00:13
</pre>
</body>
</html>
